etsï¿½ets Jul 29 2019 12:21:46

rst:0x1 (POWERON_RESET),boot:0x13 (SPI_FAST_FLASH_BOOT)
configsip: 0, SPIWP:0xee
clk_drv:0x00,q_drv:0x00,d_drv:0x00,cs0_drv:0x00,hd_drv:0x00,wp_drv:0x00
mode:DIO, clock div:2
load:0x3fff0030,len:7172
load:0x40078000,len:15540
load:0x40080400,len:4
ho 8 tail 4 room 4
load:0x40080404,len:3904
entry 0x40080640
[0;32mI (31) boot: ESP-IDF v5.2.2 2nd stage bootloader[0m
[0;32mI (31) boot: compile time Jun  6 2024 23:59:58[0m
[0;32mI (31) boot: Multicore bootloader[0m
[0;32mI (35) boot: chip revision: v3.0[0m
[0;32mI (39) boot.esp32: SPI Speed      : 40MHz[0m
[0;32mI (44) boot.esp32: SPI Mode       : DIO[0m
[0;32mI (48) boot.esp32: SPI Flash Size : 2MB[0m
[0;32mI (53) boot: Enabling RNG early entropy source...[0m
[0;32mI (58) boot: Partition Table:[0m
[0;32mI (62) boot: ## Label            Usage          Type ST Offset   Length[0m
[0;32mI (69) boot:  0 nvs              WiFi data        01 02 00009000 00006000[0m
[0;32mI (77) boot:  1 phy_init         RF data          01 01 0000f000 00001000[0m
[0;32mI (84) boot:  2 factory          factory app      00 00 00010000 00100000[0m
[0;32mI (92) boot: End of partition table[0m
[0;32mI (96) esp_image: segment 0: paddr=00010020 vaddr=3f400020 size=265cch (157132) map[0m
[0;32mI (158) esp_image: segment 1: paddr=000365f4 vaddr=3ffb0000 size=03ce0h ( 15584) load[0m
[0;32mI (164) esp_image: segment 2: paddr=0003a2dc vaddr=40080000 size=05d3ch ( 23868) load[0m
[0;32mI (174) esp_image: segment 3: paddr=00040020 vaddr=400d0020 size=9ccc0h (642240) map[0m
[0;32mI (394) esp_image: segment 4: paddr=000dcce8 vaddr=40085d3c size=1298ch ( 76172) load[0m
[0;32mI (436) boot: Loaded app from partition at offset 0x10000[0m
[0;32mI (436) boot: Disabling RNG early entropy source...[0m
[0;32mI (448) cpu_start: Multicore app[0m
[0;32mI (457) cpu_start: Pro cpu start user code[0m
[0;32mI (457) cpu_start: cpu freq: 160000000 Hz[0m
[0;32mI (457) cpu_start: Application information:[0m
[0;32mI (460) cpu_start: Project name:     Irrigation_System[0m
[0;32mI (466) cpu_start: App version:      1[0m
[0;32mI (470) cpu_start: Compile time:     Jun  6 2024 23:58:26[0m
[0;32mI (476) cpu_start: ELF file SHA256:  d1844c376...[0m
[0;32mI (481) cpu_start: ESP-IDF:          v5.2.2[0m
[0;32mI (486) cpu_start: Min chip rev:     v0.0[0m
[0;32mI (491) cpu_start: Max chip rev:     v3.99 [0m
[0;32mI (496) cpu_start: Chip rev:         v3.0[0m
[0;32mI (501) heap_init: Initializing. RAM available for dynamic allocation:[0m
[0;32mI (508) heap_init: At 3FFAE6E0 len 00001920 (6 KiB): DRAM[0m
[0;32mI (514) heap_init: At 3FFB83D8 len 00027C28 (159 KiB): DRAM[0m
[0;32mI (520) heap_init: At 3FFE0440 len 00003AE0 (14 KiB): D/IRAM[0m
[0;32mI (526) heap_init: At 3FFE4350 len 0001BCB0 (111 KiB): D/IRAM[0m
[0;32mI (533) heap_init: At 400986C8 len 00007938 (30 KiB): IRAM[0m
[0;32mI (541) spi_flash: detected chip: generic[0m
[0;32mI (544) spi_flash: flash io: dio[0m
[0;33mW (548) spi_flash: Detected size(4096k) larger than the size in the binary image header(2048k). Using the size in the binary image header.[0m
[0;32mI (562) main_task: Started on CPU0[0m
[0;32mI (572) main_task: Calling app_main()[0m
[0;32mI (612) wifi station: STARTING WIFI APPLICATION[0m
I (622) wifi:wifi driver task: 3ffc0890, prio:23, stack:6656, core=0
I (642) wifi:wifi firmware version: 3e0076f
I (642) wifi:wifi certification version: v7.0
I (642) wifi:config NVS flash: enabled
I (642) wifi:config nano formating: disabled
I (642) wifi:Init data frame dynamic rx buffer num: 32
I (652) wifi:Init static rx mgmt buffer num: 5
I (652) wifi:Init management short buffer num: 32
I (652) wifi:Init dynamic tx buffer num: 32
I (662) wifi:Init static rx buffer size: 1600
I (662) wifi:Init static rx buffer num: 10
I (672) wifi:Init dynamic rx buffer num: 32
[0;32mI (672) wifi_init: rx ba win: 6[0m
[0;32mI (672) wifi_init: tcpip mbox: 32[0m
[0;32mI (682) wifi_init: udp mbox: 6[0m
[0;32mI (682) wifi_init: tcp mbox: 6[0m
[0;32mI (682) wifi_init: tcp tx win: 5760[0m
[0;32mI (692) wifi_init: tcp rx win: 5760[0m
[0;32mI (692) wifi_init: tcp mss: 1440[0m
[0;32mI (702) wifi_init: WiFi IRAM OP enabled[0m
[0;32mI (702) wifi_init: WiFi RX IRAM OP enabled[0m
[0;32mI (712) phy_init: phy_version 4791,2c4672b,Dec 20 2023,16:06:06[0m
I (802) wifi:mode : sta (b8:d6:1a:5b:7c:ac)
I (802) wifi:enable tsf
[0;32mI (802) wifi station: wifi_init_sta finished.[0m
I (822) wifi:new:<4,0>, old:<1,0>, ap:<255,255>, sta:<4,0>, prof:1
I (822) wifi:state: init -> auth (b0)
I (842) wifi:state: auth -> assoc (0)
I (842) wifi:state: assoc -> run (10)
I (862) wifi:connected with Hai Nam, aid = 3, channel 4, BW20, bssid = 22:87:ec:29:e8:b0
I (862) wifi:security: WPA2-PSK, phy: bgn, rssi: -60
I (872) wifi:pm start, type: 1

I (872) wifi:dp: 1, bi: 102400, li: 3, scale listen interval from 307200 us to 307200 us
I (962) wifi:AP's beacon interval = 102400 us, DTIM period = 1
[0;32mI (3872) esp_netif_handlers: sta ip: 192.168.1.12, mask: 255.255.255.0, gw: 192.168.1.1[0m
[0;32mI (3872) wifi station: got ip:192.168.1.12[0m
[0;32mI (3872) wifi station: connected to ap SSID:Hai Nam password:23581104[0m
[0;32mI (3882) MQTT_EXAMPLE: Other event id:7[0m
I (4232) wifi:<ba-add>idx:0 (ifx:0, 22:87:ec:29:e8:b0), tid:0, ssn:1, winSize:64
[0;32mI (5572) MQTT_EXAMPLE: MQTT_EVENT_CONNECTED[0m
[0;32mI (5572) MQTT_EXAMPLE: sent subscribe successful, msg_id=50310[0m
[0;32mI (5572) MQTT_EXAMPLE: sent subscribe successful, msg_id=55867[0m
[0;32mI (5882) MQTT_EXAMPLE: MQTT_EVENT_SUBSCRIBED, msg_id=50310[0m
[0;32mI (5882) MQTT_EXAMPLE: sent publish successful[0m
[0;32mI (6182) MQTT_EXAMPLE: MQTT_EVENT_SUBSCRIBED, msg_id=55867[0m
[0;32mI (6182) MQTT_EXAMPLE: sent publish successful[0m
[0;32mI (8892) main_task: Returned from app_main()[0m
[0;32mI (18272) MQTT_EXAMPLE: MQTT_EVENT_DATA[0m
TOPIC=/flespi/qos1
DATA=ON_ID1
[0;32mI (18332) LORA_SEND_PACKET: Sending packet: ON_ID1[0m
[0;32mI (18982) LORA: 41 byte packet received:[{"ID":1,"temp":31,"hum":83,"adc_val":11}][0m
[0;32mI (19022) LORA_SEND_PACKET: Sending packet: 200[0m
[0;32mI (19292) MQTT_EXAMPLE: MQTT_EVENT_DATA[0m
TOPIC=/flespi/qos0
DATA={"ID":1,"temp":31,"hum":83,"adc_val":11}
[0;32mI (23082) MQTT_EXAMPLE: MQTT_EVENT_DATA[0m
TOPIC=/flespi/qos1
DATA=OFF_ID1
[0;32mI (23142) LORA_SEND_PACKET: Sending packet: OFF_ID1[0m
[0;32mI (38932) LORA_SEND_PACKET: Sending packet: GET_ID0[0m
[0;32mI (38982) LORA: 19 byte packet received:[{"ID":1,"relay":0}][0m
[0;32mI (39022) LORA_SEND_PACKET: Sending packet: 200[0m
[0;32mI (39222) MQTT_EXAMPLE: MQTT_EVENT_DATA[0m
TOPIC=/flespi/qos0
DATA={"ID":1,"relay":0}

assert failed: xTaskPriorityDisinherit tasks.c:5107 (pxTCB == pxCurrentTCBs[ xPortGetCoreID() ])


Backtrace: 0x4008189e:0x3ffca780 0x40089ce9:0x3ffca7a0 0x4009278d:0x3ffca7c0 0x4008cbfa:0x3ffca8e0 0x40089d47:0x3ffca900 0x4008a189:0x3ffca920 0x400d7722:0x3ffca960 0x400d7b3d:0x3ffca9b0 0x400d7b92:0x3ffca9d0 0x400d724f:0x3ffcab10 0x4008a7f5:0x3ffcab30




ELF file SHA256: d1844c376

Rebooting...
ets Jul 29 2019 12:21:46

rst:0xc (SW_CPU_RESET),boot:0x13 (SPI_FAST_FLASH_BOOT)
configsip: 0, SPIWP:0xee
clk_drv:0x00,q_drv:0x00,d_drv:0x00,cs0_drv:0x00,hd_drv:0x00,wp_drv:0x00
mode:DIO, clock div:2
load:0x3fff0030,len:7172
load:0x40078000,len:15540
load:0x40080400,len:4
ho 8 tail 4 room 4
load:0x40080404,len:3904
entry 0x40080640
[0;32mI (31) boot: ESP-IDF v5.2.2 2nd stage bootloader[0m
[0;32mI (31) boot: compile time Jun  6 2024 23:59:58[0m
[0;32mI (31) boot: Multicore bootloader[0m
[0;32mI (35) boot: chip revision: v3.0[0m
[0;32mI (39) boot.esp32: SPI Speed      : 40MHz[0m
[0;32mI (44) boot.esp32: SPI Mode       : DIO[0m
[0;32mI (48) boot.esp32: SPI Flash Size : 2MB[0m
[0;32mI (53) boot: Enabling RNG early entropy source...[0m
[0;32mI (58) boot: Partition Table:[0m
[0;32mI (62) boot: ## Label            Usage          Type ST Offset   Length[0m
[0;32mI (69) boot:  0 nvs              WiFi data        01 02 00009000 00006000[0m
[0;32mI (76) boot:  1 phy_init         RF data          01 01 0000f000 00001000[0m
[0;32mI (84) boot:  2 factory          factory app      00 00 00010000 00100000[0m
[0;32mI (91) boot: End of partition table[0m
[0;32mI (96) esp_image: segment 0: paddr=00010020 vaddr=3f400020 size=265cch (157132) map[0m
[0;32mI (158) esp_image: segment 1: paddr=000365f4 vaddr=3ffb0000 size=03ce0h ( 15584) load[0m
[0;32mI (164) esp_image: segment 2: paddr=0003a2dc vaddr=40080000 size=05d3ch ( 23868) load[0m
[0;32mI (174) esp_image: segment 3: paddr=00040020 vaddr=400d0020 size=9ccc0h (642240) map[0m
[0;32mI (394) esp_image: segment 4: paddr=000dcce8 vaddr=40085d3c size=1298ch ( 76172) load[0m
[0;32mI (436) boot: Loaded app from partition at offset 0x10000[0m
[0;32mI (436) boot: Disabling RNG early entropy source...[0m
[0;32mI (448) cpu_start: Multicore app[0m
[0;32mI (456) cpu_start: Pro cpu start user code[0m
[0;32mI (456) cpu_start: cpu freq: 160000000 Hz[0m
[0;32mI (457) cpu_start: Application information:[0m
[0;32mI (459) cpu_start: Project name:     Irrigation_System[0m
[0;32mI (465) cpu_start: App version:      1[0m
[0;32mI (470) cpu_start: Compile time:     Jun  6 2024 23:58:26[0m
[0;32mI (476) cpu_start: ELF file SHA256:  d1844c376...[0m
[0;32mI (481) cpu_start: ESP-IDF:          v5.2.2[0m
[0;32mI (486) cpu_start: Min chip rev:     v0.0[0m
[0;32mI (491) cpu_start: Max chip rev:     v3.99 [0m
[0;32mI (496) cpu_start: Chip rev:         v3.0[0m
[0;32mI (501) heap_init: Initializing. RAM available for dynamic allocation:[0m
[0;32mI (508) heap_init: At 3FFAE6E0 len 00001920 (6 KiB): DRAM[0m
[0;32mI (514) heap_init: At 3FFB83D8 len 00027C28 (159 KiB): DRAM[0m
[0;32mI (520) heap_init: At 3FFE0440 len 00003AE0 (14 KiB): D/IRAM[0m
[0;32mI (526) heap_init: At 3FFE4350 len 0001BCB0 (111 KiB): D/IRAM[0m
[0;32mI (533) heap_init: At 400986C8 len 00007938 (30 KiB): IRAM[0m
[0;32mI (540) spi_flash: detected chip: generic[0m
[0;32mI (543) spi_flash: flash io: dio[0m
[0;33mW (547) spi_flash: Detected size(4096k) larger than the size in the binary image header(2048k). Using the size in the binary image header.[0m
[0;32mI (561) main_task: Started on CPU0[0m
[0;32mI (571) main_task: Calling app_main()[0m
[0;32mI (611) wifi station: STARTING WIFI APPLICATION[0m
I (621) wifi:wifi driver task: 3ffc0890, prio:23, stack:6656, core=0
I (641) wifi:wifi firmware version: 3e0076f
I (641) wifi:wifi certification version: v7.0
I (641) wifi:config NVS flash: enabled
I (641) wifi:config nano formating: disabled
I (641) wifi:Init data frame dynamic rx buffer num: 32
I (651) wifi:Init static rx mgmt buffer num: 5
I (651) wifi:Init management short buffer num: 32
I (651) wifi:Init dynamic tx buffer num: 32
I (661) wifi:Init static rx buffer size: 1600
I (661) wifi:Init static rx buffer num: 10
I (671) wifi:Init dynamic rx buffer num: 32
[0;32mI (671) wifi_init: rx ba win: 6[0m
[0;32mI (671) wifi_init: tcpip mbox: 32[0m
[0;32mI (681) wifi_init: udp mbox: 6[0m
[0;32mI (681) wifi_init: tcp mbox: 6[0m
[0;32mI (681) wifi_init: tcp tx win: 5760[0m
[0;32mI (691) wifi_init: tcp rx win: 5760[0m
[0;32mI (691) wifi_init: tcp mss: 1440[0m
[0;32mI (701) wifi_init: WiFi IRAM OP enabled[0m
[0;32mI (701) wifi_init: WiFi RX IRAM OP enabled[0m
[0;32mI (711) phy_init: phy_version 4791,2c4672b,Dec 20 2023,16:06:06[0m
I (801) wifi:mode : sta (b8:d6:1a:5b:7c:ac)
I (801) wifi:enable tsf
[0;32mI (801) wifi station: wifi_init_sta finished.[0m
I (821) wifi:new:<4,0>, old:<1,0>, ap:<255,255>, sta:<4,0>, prof:1
I (821) wifi:state: init -> auth (b0)
I (1821) wifi:state: auth -> init (200)
I (1821) wifi:new:<4,0>, old:<4,0>, ap:<255,255>, sta:<4,0>, prof:1
[0;32mI (1831) wifi station: retry to connect to the AP[0m
[0;32mI (1831) wifi station: connect to the AP fail[0m
[0;32mI (4241) wifi station: retry to connect to the AP[0m
[0;32mI (4241) wifi station: connect to the AP fail[0m
I (4251) wifi:new:<4,0>, old:<4,0>, ap:<255,255>, sta:<4,0>, prof:1
I (4251) wifi:state: init -> auth (b0)
I (4271) wifi:state: auth -> assoc (0)
I (4271) wifi:state: assoc -> run (10)
I (4291) wifi:connected with Hai Nam, aid = 3, channel 4, BW20, bssid = 22:87:ec:29:e8:b0
I (4291) wifi:security: WPA2-PSK, phy: bgn, rssi: -54
I (4301) wifi:pm start, type: 1

I (4301) wifi:dp: 1, bi: 102400, li: 3, scale listen interval from 307200 us to 307200 us
I (4331) wifi:AP's beacon interval = 102400 us, DTIM period = 1
[0;32mI (7301) esp_netif_handlers: sta ip: 192.168.1.12, mask: 255.255.255.0, gw: 192.168.1.1[0m
[0;32mI (7301) wifi station: got ip:192.168.1.12[0m
[0;32mI (7301) wifi station: connected to ap SSID:Hai Nam password:23581104[0m
[0;32mI (7311) MQTT_EXAMPLE: Other event id:7[0m
I (7921) wifi:<ba-add>idx:0 (ifx:0, 22:87:ec:29:e8:b0), tid:0, ssn:1, winSize:64
[0;32mI (9251) MQTT_EXAMPLE: MQTT_EVENT_CONNECTED[0m
[0;32mI (9251) MQTT_EXAMPLE: sent subscribe successful, msg_id=14577[0m
[0;32mI (9261) MQTT_EXAMPLE: sent subscribe successful, msg_id=57420[0m
[0;32mI (9561) MQTT_EXAMPLE: MQTT_EVENT_SUBSCRIBED, msg_id=14577[0m
[0;32mI (9561) MQTT_EXAMPLE: sent publish successful[0m
[0;32mI (9871) MQTT_EXAMPLE: MQTT_EVENT_SUBSCRIBED, msg_id=57420[0m
[0;32mI (9871) MQTT_EXAMPLE: sent publish successful[0m
[0;32mI (12311) main_task: Returned from app_main()[0m
[0;32mI (42351) LORA_SEND_PACKET: Sending packet: GET_ID0[0m
[0;32mI (45391) LORA_SEND_PACKET: Sending packet: GET_ID1[0m
[0;32mI (46001) LORA: 40 byte packet received:[{"ID":1,"temp":31,"hum":83,"adc_val":2}][0m
[0;32mI (46041) LORA_SEND_PACKET: Sending packet: 200[0m
[0;32mI (46241) MQTT_EXAMPLE: MQTT_EVENT_DATA[0m
TOPIC=/flespi/qos0
DATA={"ID":1,"temp":31,"hum":83,"adc_val":2}
[0;32mI (46841) MQTT_EXAMPLE: MQTT_EVENT_DATA[0m
TOPIC=/flespi/qos1
DATA=ON_ID1
[0;32mI (46881) LORA_SEND_PACKET: Sending packet: ON_ID1[0m
[0;32mI (46931) LORA: 19 byte packet received:[{"ID":1,"relay":1}][0m
[0;32mI (46971) LORA_SEND_PACKET: Sending packet: 200[0m
[0;32mI (47411) MQTT_EXAMPLE: MQTT_EVENT_DATA[0m
TOPIC=/flespi/qos0
DATA={"ID":1,"relay":1}
[0;32mI (47551) LORA: 41 byte packet received:[{"ID":1,"temp":31,"hum":83,"adc_val":11}][0m
[0;32mI (47591) LORA_SEND_PACKET: Sending packet: 200[0m
[0;32mI (47791) MQTT_EXAMPLE: MQTT_EVENT_DATA[0m
TOPIC=/flespi/qos0
DATA={"ID":1,"temp":31,"hum":83,"adc_val":11}
[0;32mI (48451) LORA_SEND_PACKET: Sending packet: GET_ID2[0m
[0;32mI (51451) Timer: 1 hour has passed![0m
[0;32mI (51651) MQTT_EXAMPLE: MQTT_EVENT_DATA[0m
TOPIC=/flespi/qos1
DATA=OFF_ID1
[0;32mI (51711) LORA_SEND_PACKET: Sending packet: OFF_ID1[0m
[0;32mI (72351) LORA_SEND_PACKET: Sending packet: GET_ID0[0m
[0;32mI (72401) LORA: 19 byte packet received:[{"ID":1,"relay":0}][0m
[0;32mI (72441) LORA_SEND_PACKET: Sending packet: 200[0m
[0;32mI (72641) MQTT_EXAMPLE: MQTT_EVENT_DATA[0m
TOPIC=/flespi/qos0
DATA={"ID":1,"relay":0}
[0;32mI (75391) LORA_SEND_PACKET: Sending packet: GET_ID1[0m
[0;32mI (76001) LORA: 40 byte packet received:[{"ID":1,"temp":31,"hum":83,"adc_val":2}][0m
[0;32mI (76041) LORA_SEND_PACKET: Sending packet: 200[0m
[0;32mI (76241) MQTT_EXAMPLE: MQTT_EVENT_DATA[0m
TOPIC=/flespi/qos0
DATA={"ID":1,"temp":31,"hum":83,"adc_val":2}
[0;32mI (78431) LORA_SEND_PACKET: Sending packet: GET_ID2[0m
[0;32mI (81431) Timer: 1 hour has passed![0m
[0;32mI (102351) LORA_SEND_PACKET: Sending packet: GET_ID0[0m
[0;32mI (105411) LORA_SEND_PACKET: Sending packet: GET_ID1[0m
[0;32mI (106001) LORA: 40 byte packet received:[{"ID":1,"temp":31,"hum":83,"adc_val":2}][0m
[0;32mI (106041) LORA_SEND_PACKET: Sending packet: 200[0m
[0;32mI (106241) MQTT_EXAMPLE: MQTT_EVENT_DATA[0m
TOPIC=/flespi/qos0
DATA={"ID":1,"temp":31,"hum":83,"adc_val":2}
[0;32mI (108471) LORA_SEND_PACKET: Sending packet: GET_ID2[0m
[0;32mI (111471) Timer: 1 hour has passed![0m
[0;32mI (132351) LORA_SEND_PACKET: Sending packet: GET_ID0[0m
[0;32mI (135391) LORA_SEND_PACKET: Sending packet: GET_ID1[0m
[0;32mI (136001) LORA: 40 byte packet received:[{"ID":1,"temp":31,"hum":83,"adc_val":2}][0m
[0;32mI (136041) LORA_SEND_PACKET: Sending packet: 200[0m
[0;32mI (136241) MQTT_EXAMPLE: MQTT_EVENT_DATA[0m
TOPIC=/flespi/qos0
DATA={"ID":1,"temp":31,"hum":83,"adc_val":2}
[0;32mI (138471) LORA_SEND_PACKET: Sending packet: GET_ID2[0m
[0;32mI (141471) Timer: 1 hour has passed![0m
[0;32mI (150571) MQTT_EXAMPLE: MQTT_EVENT_DATA[0m
TOPIC=/flespi/qos1
DATA=ON_ID1
[0;32mI (150611) LORA_SEND_PACKET: Sending packet: ON_ID1[0m
[0;32mI (150661) LORA: 19 byte packet received:[{"ID":1,"relay":1}][0m
[0;32mI (150701) LORA_SEND_PACKET: Sending packet: 200[0m
[0;32mI (151281) LORA: 41 byte packet received:[{"ID":1,"temp":31,"hum":83,"adc_val":11}][0m
[0;32mI (151281) MQTT_EXAMPLE: MQTT_EVENT_DATA[0m
TOPIC=/flespi/qos0
DATA={"ID":1,"relay":1}
[0;32mI (151321) LORA_SEND_PACKET: Sending packet: 200[0m
[0;32mI (151601) MQTT_EXAMPLE: MQTT_EVENT_DATA[0m
TOPIC=/flespi/qos0
DATA={"ID":1,"temp":31,"hum":83,"adc_val":11}
[0;32mI (155481) MQTT_EXAMPLE: MQTT_EVENT_DATA[0m
TOPIC=/flespi/qos1
DATA=OFF_ID1
[0;32mI (155541) LORA_SEND_PACKET: Sending packet: OFF_ID1[0m
[0;32mI (162351) LORA_SEND_PACKET: Sending packet: GET_ID0[0m
[0;32mI (162401) LORA: 19 byte packet received:[{"ID":1,"relay":0}][0m
[0;32mI (162441) LORA_SEND_PACKET: Sending packet: 200[0m
[0;32mI (162641) MQTT_EXAMPLE: MQTT_EVENT_DATA[0m
TOPIC=/flespi/qos0
DATA={"ID":1,"relay":0}
[0;32mI (165431) LORA_SEND_PACKET: Sending packet: GET_ID1[0m
[0;32mI (166001) LORA: 40 byte packet received:[{"ID":1,"temp":31,"hum":83,"adc_val":2}][0m
[0;32mI (166041) LORA_SEND_PACKET: Sending packet: 200[0m
[0;32mI (166241) MQTT_EXAMPLE: MQTT_EVENT_DATA[0m
TOPIC=/flespi/qos0
DATA={"ID":1,"temp":31,"hum":83,"adc_val":2}

assert failed: xTaskPriorityDisinherit tasks.c:5107 (pxTCB == pxCurrentTCBs[ xPortGetCoreID() ])


Backtrace: 0x4008189e:0x3ffca770 0x40089ce9:0x3ffca790 0x4009278d:0x3ffca7b0 0x4008cbfa:0x3ffca8d0 0x40089d47:0x3ffca8f0 0x4008a189:0x3ffca910 0x400d7722:0x3ffca950 0x400d7b3d:0x3ffca9a0 0x400d7b92:0x3ffca9c0 0x400d724f:0x3ffcab00 0x4008a7f5:0x3ffcab20




ELF file SHA256: d1844c376

Rebooting...
ets Jul 29 2019 12:21:46

rst:0xc (SW_CPU_RESET),boot:0x13 (SPI_FAST_FLASH_BOOT)
configsip: 0, SPIWP:0xee
clk_drv:0x00,q_drv:0x00,d_drv:0x00,cs0_drv:0x00,hd_drv:0x00,wp_drv:0x00
mode:DIO, clock div:2
load:0x3fff0030,len:7172
load:0x40078000,len:15540
load:0x40080400,len:4
ho 8 tail 4 room 4
load:0x40080404,len:3904
entry 0x40080640
[0;32mI (31) boot: ESP-IDF v5.2.2 2nd stage bootloader[0m
[0;32mI (31) boot: compile time Jun  6 2024 23:59:58[0m
[0;32mI (31) boot: Multicore bootloader[0m
[0;32mI (35) boot: chip revision: v3.0[0m
[0;32mI (39) boot.esp32: SPI Speed      : 40MHz[0m
[0;32mI (44) boot.esp32: SPI Mode       : DIO[0m
[0;32mI (48) boot.esp32: SPI Flash Size : 2MB[0m
[0;32mI (53) boot: Enabling RNG early entropy source...[0m
[0;32mI (58) boot: Partition Table:[0m
[0;32mI (62) boot: ## Label            Usage          Type ST Offset   Length[0m
[0;32mI (69) boot:  0 nvs              WiFi data        01 02 00009000 00006000[0m
[0;32mI (76) boot:  1 phy_init         RF data          01 01 0000f000 00001000[0m
[0;32mI (84) boot:  2 factory          factory app      00 00 00010000 00100000[0m
[0;32mI (91) boot: End of partition table[0m
[0;32mI (96) esp_image: segment 0: paddr=00010020 vaddr=3f400020 size=265cch (157132) map[0m
[0;32mI (158) esp_image: segment 1: paddr=000365f4 vaddr=3ffb0000 size=03ce0h ( 15584) load[0m
[0;32mI (164) esp_image: segment 2: paddr=0003a2dc vaddr=40080000 size=05d3ch ( 23868) load[0m
[0;32mI (174) esp_image: segment 3: paddr=00040020 vaddr=400d0020 size=9ccc0h (642240) map[0m
[0;32mI (394) esp_image: segment 4: paddr=000dcce8 vaddr=40085d3c size=1298ch ( 76172) load[0m
[0;32mI (436) boot: Loaded app from partition at offset 0x10000[0m
[0;32mI (436) boot: Disabling RNG early entropy source...[0m
[0;32mI (448) cpu_start: Multicore app[0m
[0;32mI (456) cpu_start: Pro cpu start user code[0m
[0;32mI (456) cpu_start: cpu freq: 160000000 Hz[0m
[0;32mI (457) cpu_start: Application information:[0m
[0;32mI (459) cpu_start: Project name:     Irrigation_System[0m
[0;32mI (465) cpu_start: App version:      1[0m
[0;32mI (470) cpu_start: Compile time:     Jun  6 2024 23:58:26[0m
[0;32mI (476) cpu_start: ELF file SHA256:  d1844c376...[0m
[0;32mI (481) cpu_start: ESP-IDF:          v5.2.2[0m
[0;32mI (486) cpu_start: Min chip rev:     v0.0[0m
[0;32mI (491) cpu_start: Max chip rev:     v3.99 [0m
[0;32mI (496) cpu_start: Chip rev:         v3.0[0m
[0;32mI (501) heap_init: Initializing. RAM available for dynamic allocation:[0m
[0;32mI (508) heap_init: At 3FFAE6E0 len 00001920 (6 KiB): DRAM[0m
[0;32mI (514) heap_init: At 3FFB83D8 len 00027C28 (159 KiB): DRAM[0m
[0;32mI (520) heap_init: At 3FFE0440 len 00003AE0 (14 KiB): D/IRAM[0m
[0;32mI (526) heap_init: At 3FFE4350 len 0001BCB0 (111 KiB): D/IRAM[0m
[0;32mI (533) heap_init: At 400986C8 len 00007938 (30 KiB): IRAM[0m
[0;32mI (540) spi_flash: detected chip: generic[0m
[0;32mI (543) spi_flash: flash io: dio[0m
[0;33mW (547) spi_flash: Detected size(4096k) larger than the size in the binary image header(2048k). Using the size in the binary image header.[0m
[0;32mI (561) main_task: Started on CPU0[0m
[0;32mI (571) main_task: Calling app_main()[0m
[0;32mI (611) wifi station: STARTING WIFI APPLICATION[0m
I (621) wifi:wifi driver task: 3ffc0890, prio:23, stack:6656, core=0
I (641) wifi:wifi firmware version: 3e0076f
I (641) wifi:wifi certification version: v7.0
I (641) wifi:config NVS flash: enabled
I (641) wifi:config nano formating: disabled
I (641) wifi:Init data frame dynamic rx buffer num: 32
I (651) wifi:Init static rx mgmt buffer num: 5
I (651) wifi:Init management short buffer num: 32
I (651) wifi:Init dynamic tx buffer num: 32
I (661) wifi:Init static rx buffer size: 1600
I (661) wifi:Init static rx buffer num: 10
I (671) wifi:Init dynamic rx buffer num: 32
[0;32mI (671) wifi_init: rx ba win: 6[0m
[0;32mI (671) wifi_init: tcpip mbox: 32[0m
[0;32mI (681) wifi_init: udp mbox: 6[0m
[0;32mI (681) wifi_init: tcp mbox: 6[0m
[0;32mI (681) wifi_init: tcp tx win: 5760[0m
[0;32mI (691) wifi_init: tcp rx win: 5760[0m
[0;32mI (691) wifi_init: tcp mss: 1440[0m
[0;32mI (701) wifi_init: WiFi IRAM OP enabled[0m
[0;32mI (701) wifi_init: WiFi RX IRAM OP enabled[0m
[0;32mI (711) phy_init: phy_version 4791,2c4672b,Dec 20 2023,16:06:06[0m
I (801) wifi:mode : sta (b8:d6:1a:5b:7c:ac)
I (801) wifi:enable tsf
[0;32mI (801) wifi station: wifi_init_sta finished.[0m
I (821) wifi:new:<4,0>, old:<1,0>, ap:<255,255>, sta:<4,0>, prof:1
I (821) wifi:state: init -> auth (b0)
I (1821) wifi:state: auth -> init (200)
I (1821) wifi:new:<4,0>, old:<4,0>, ap:<255,255>, sta:<4,0>, prof:1
[0;32mI (1821) wifi station: retry to connect to the AP[0m
[0;32mI (1821) wifi station: connect to the AP fail[0m
[0;32mI (4241) wifi station: retry to connect to the AP[0m
[0;32mI (4241) wifi station: connect to the AP fail[0m
I (4311) wifi:new:<4,0>, old:<4,0>, ap:<255,255>, sta:<4,0>, prof:1
I (4311) wifi:state: init -> auth (b0)
I (4331) wifi:state: auth -> assoc (0)
I (4331) wifi:state: assoc -> run (10)
I (4351) wifi:connected with Hai Nam, aid = 3, channel 4, BW20, bssid = 22:87:ec:29:e8:b0
I (4351) wifi:security: WPA2-PSK, phy: bgn, rssi: -51
I (4361) wifi:pm start, type: 1

I (4361) wifi:dp: 1, bi: 102400, li: 3, scale listen interval from 307200 us to 307200 us
I (4411) wifi:AP's beacon interval = 102400 us, DTIM period = 1
[0;32mI (7371) esp_netif_handlers: sta ip: 192.168.1.12, mask: 255.255.255.0, gw: 192.168.1.1[0m
[0;32mI (7371) wifi station: got ip:192.168.1.12[0m
[0;32mI (7371) wifi station: connected to ap SSID:Hai Nam password:23581104[0m
[0;32mI (7381) MQTT_EXAMPLE: Other event id:7[0m
I (7641) wifi:<ba-add>idx:0 (ifx:0, 22:87:ec:29:e8:b0), tid:0, ssn:2, winSize:64
[0;32mI (8921) MQTT_EXAMPLE: MQTT_EVENT_CONNECTED[0m
[0;32mI (8921) MQTT_EXAMPLE: sent subscribe successful, msg_id=32077[0m
[0;32mI (8931) MQTT_EXAMPLE: sent subscribe successful, msg_id=28396[0m
[0;32mI (9231) MQTT_EXAMPLE: MQTT_EVENT_SUBSCRIBED, msg_id=32077[0m
[0;32mI (9231) MQTT_EXAMPLE: sent publish successful[0m
[0;32mI (9541) MQTT_EXAMPLE: MQTT_EVENT_SUBSCRIBED, msg_id=28396[0m
[0;32mI (9541) MQTT_EXAMPLE: sent publish successful[0m
[0;32mI (12391) main_task: Returned from app_main()[0m
[0;32mI (42431) LORA_SEND_PACKET: Sending packet: GET_ID0[0m
[0;32mI (45471) LORA_SEND_PACKET: Sending packet: GET_ID1[0m
[0;32mI (46081) LORA: 40 byte packet received:[{"ID":1,"temp":31,"hum":83,"adc_val":2}][0m
[0;32mI (46121) LORA_SEND_PACKET: Sending packet: 200[0m
[0;32mI (46321) MQTT_EXAMPLE: MQTT_EVENT_DATA[0m
TOPIC=/flespi/qos0
DATA={"ID":1,"temp":31,"hum":83,"adc_val":2}
[0;32mI (48511) LORA_SEND_PACKET: Sending packet: GET_ID2[0m
[0;32mI (51511) Timer: 1 hour has passed![0m
