ets ets Jul 29 2019 12:21:46

rst:0x1 (POWERON_RESET),boot:0x13 (SPI_FAST_FLASH_BOOT)
configsip: 0, SPIWP:0xee
clk_drv:0x00,q_drv:0x00,d_drv:0x00,cs0_drv:0x00,hd_drv:0x00,wp_drv:0x00
mode:DIO, clock div:2
load:0x3fff0030,len:7172
load:0x40078000,len:15540
load:0x40080400,len:4
ho 8 tail 4 room 4
load:0x40080404,len:3904
entry 0x40080640
[0;32mI (31) boot: ESP-IDF v5.2.2 2nd stage bootloader[0m
[0;32mI (31) boot: compile time Jun  6 2024 23:59:58[0m
[0;32mI (31) boot: Multicore bootloader[0m
[0;32mI (35) boot: chip revision: v3.0[0m
[0;32mI (39) boot.esp32: SPI Speed      : 40MHz[0m
[0;32mI (44) boot.esp32: SPI Mode       : DIO[0m
[0;32mI (48) boot.esp32: SPI Flash Size : 2MB[0m
[0;32mI (53) boot: Enabling RNG early entropy source...[0m
[0;32mI (58) boot: Partition Table:[0m
[0;32mI (62) boot: ## Label            Usage          Type ST Offset   Length[0m
[0;32mI (69) boot:  0 nvs              WiFi data        01 02 00009000 00006000[0m
[0;32mI (77) boot:  1 phy_init         RF data          01 01 0000f000 00001000[0m
[0;32mI (84) boot:  2 factory          factory app      00 00 00010000 00100000[0m
[0;32mI (92) boot: End of partition table[0m
[0;32mI (96) esp_image: segment 0: paddr=00010020 vaddr=3f400020 size=265cch (157132) map[0m
[0;32mI (158) esp_image: segment 1: paddr=000365f4 vaddr=3ffb0000 size=03ce0h ( 15584) load[0m
[0;32mI (164) esp_image: segment 2: paddr=0003a2dc vaddr=40080000 size=05d3ch ( 23868) load[0m
[0;32mI (174) esp_image: segment 3: paddr=00040020 vaddr=400d0020 size=9cca0h (642208) map[0m
[0;32mI (394) esp_image: segment 4: paddr=000dccc8 vaddr=40085d3c size=1298ch ( 76172) load[0m
[0;32mI (436) boot: Loaded app from partition at offset 0x10000[0m
[0;32mI (436) boot: Disabling RNG early entropy source...[0m
[0;32mI (448) cpu_start: Multicore app[0m
[0;32mI (457) cpu_start: Pro cpu start user code[0m
[0;32mI (457) cpu_start: cpu freq: 160000000 Hz[0m
[0;32mI (457) cpu_start: Application information:[0m
[0;32mI (460) cpu_start: Project name:     Irrigation_System[0m
[0;32mI (466) cpu_start: App version:      1[0m
[0;32mI (470) cpu_start: Compile time:     Jun  6 2024 23:58:26[0m
[0;32mI (476) cpu_start: ELF file SHA256:  a1c87010f...[0m
[0;32mI (481) cpu_start: ESP-IDF:          v5.2.2[0m
[0;32mI (486) cpu_start: Min chip rev:     v0.0[0m
[0;32mI (491) cpu_start: Max chip rev:     v3.99 [0m
[0;32mI (496) cpu_start: Chip rev:         v3.0[0m
[0;32mI (501) heap_init: Initializing. RAM available for dynamic allocation:[0m
[0;32mI (508) heap_init: At 3FFAE6E0 len 00001920 (6 KiB): DRAM[0m
[0;32mI (514) heap_init: At 3FFB83D0 len 00027C30 (159 KiB): DRAM[0m
[0;32mI (520) heap_init: At 3FFE0440 len 00003AE0 (14 KiB): D/IRAM[0m
[0;32mI (526) heap_init: At 3FFE4350 len 0001BCB0 (111 KiB): D/IRAM[0m
[0;32mI (533) heap_init: At 400986C8 len 00007938 (30 KiB): IRAM[0m
[0;32mI (541) spi_flash: detected chip: generic[0m
[0;32mI (544) spi_flash: flash io: dio[0m
[0;33mW (548) spi_flash: Detected size(4096k) larger than the size in the binary image header(2048k). Using the size in the binary image header.[0m
[0;32mI (562) main_task: Started on CPU0[0m
[0;32mI (572) main_task: Calling app_main()[0m
[0;32mI (622) wifi station: STARTING WIFI APPLICATION[0m
I (632) wifi:wifi driver task: 3ffc0888, prio:23, stack:6656, core=0
I (652) wifi:wifi firmware version: 3e0076f
I (652) wifi:wifi certification version: v7.0
I (652) wifi:config NVS flash: enabled
I (652) wifi:config nano formating: disabled
I (652) wifi:Init data frame dynamic rx buffer num: 32
I (662) wifi:Init static rx mgmt buffer num: 5
I (662) wifi:Init management short buffer num: 32
I (662) wifi:Init dynamic tx buffer num: 32
I (672) wifi:Init static rx buffer size: 1600
I (672) wifi:Init static rx buffer num: 10
I (682) wifi:Init dynamic rx buffer num: 32
[0;32mI (682) wifi_init: rx ba win: 6[0m
[0;32mI (682) wifi_init: tcpip mbox: 32[0m
[0;32mI (692) wifi_init: udp mbox: 6[0m
[0;32mI (692) wifi_init: tcp mbox: 6[0m
[0;32mI (692) wifi_init: tcp tx win: 5760[0m
[0;32mI (702) wifi_init: tcp rx win: 5760[0m
[0;32mI (702) wifi_init: tcp mss: 1440[0m
[0;32mI (712) wifi_init: WiFi IRAM OP enabled[0m
[0;32mI (712) wifi_init: WiFi RX IRAM OP enabled[0m
[0;32mI (722) phy_init: phy_version 4791,2c4672b,Dec 20 2023,16:06:06[0m
I (812) wifi:mode : sta (b8:d6:1a:5b:7c:ac)
I (812) wifi:enable tsf
[0;32mI (812) wifi station: wifi_init_sta finished.[0m
I (852) wifi:new:<11,0>, old:<1,0>, ap:<255,255>, sta:<11,0>, prof:1
I (852) wifi:state: init -> auth (b0)
I (872) wifi:state: auth -> assoc (0)
I (882) wifi:state: assoc -> run (10)
I (892) wifi:connected with Hai Nam, aid = 6, channel 11, BW20, bssid = 22:87:ec:29:e8:b0
I (892) wifi:security: WPA2-PSK, phy: bgn, rssi: -47
I (902) wifi:pm start, type: 1

I (902) wifi:dp: 1, bi: 102400, li: 3, scale listen interval from 307200 us to 307200 us
I (952) wifi:AP's beacon interval = 102400 us, DTIM period = 1
[0;32mI (3912) esp_netif_handlers: sta ip: 192.168.1.12, mask: 255.255.255.0, gw: 192.168.1.1[0m
[0;32mI (3912) wifi station: got ip:192.168.1.12[0m
[0;32mI (3912) wifi station: connected to ap SSID:Hai Nam password:23581104[0m
[0;32mI (3922) MQTT_EXAMPLE: Other event id:7[0m
I (4322) wifi:<ba-add>idx:0 (ifx:0, 22:87:ec:29:e8:b0), tid:0, ssn:1, winSize:64
[0;32mI (5662) MQTT_EXAMPLE: MQTT_EVENT_CONNECTED[0m
[0;32mI (5662) MQTT_EXAMPLE: sent subscribe successful, msg_id=34347[0m
[0;32mI (5662) MQTT_EXAMPLE: sent subscribe successful, msg_id=41080[0m
[0;32mI (6082) MQTT_EXAMPLE: MQTT_EVENT_SUBSCRIBED, msg_id=34347[0m
[0;32mI (6082) MQTT_EXAMPLE: sent publish successful[0m
[0;32mI (6482) MQTT_EXAMPLE: MQTT_EVENT_SUBSCRIBED, msg_id=41080[0m
[0;32mI (6482) MQTT_EXAMPLE: sent publish successful[0m
[0;32mI (8922) main_task: Returned from app_main()[0m
[0;32mI (15902) MQTT_EXAMPLE: MQTT_EVENT_DATA[0m
TOPIC=/flespi/qos1
DATA=ON_ID2
[0;32mI (15962) LORA_SEND_PACKET: Sending packet: ON_ID2[0m
[0;32mI (16622) LORA: 41 byte packet received:[{"ID":2,"temp":30,"hum":82,"adc_val":13}][0m
[0;32mI (16682) LORA_SEND_PACKET: Sending packet: 200[0m
[0;32mI (17032) MQTT_EXAMPLE: MQTT_EVENT_DATA[0m
TOPIC=/flespi/qos0
DATA={"ID":2,"temp":30,"hum":82,"adc_val":13}
[0;32mI (17442) MQTT_EXAMPLE: MQTT_EVENT_DATA[0m
TOPIC=/flespi/qos1
DATA=OFF_ID2
[0;32mI (17502) LORA_SEND_PACKET: Sending packet: OFF_ID2[0m
[0;32mI (38962) LORA_SEND_PACKET: Sending packet: GET_ID0[0m
[0;32mI (39022) LORA: 19 byte packet received:[{"ID":2,"relay":0}][0m
[0;32mI (39062) LORA_SEND_PACKET: Sending packet: 200[0m
[0;32mI (39322) MQTT_EXAMPLE: MQTT_EVENT_DATA[0m
TOPIC=/flespi/qos0
DATA={"ID":2,"relay":0}
[0;32mI (40002) LORA_SEND_PACKET: Sending packet: GET_ID1[0m
[0;32mI (41042) LORA_SEND_PACKET: Sending packet: GET_ID2[0m
[0;32mI (41652) LORA: 40 byte packet received:[{"ID":2,"temp":30,"hum":80,"adc_val":5}][0m
[0;32mI (41692) LORA_SEND_PACKET: Sending packet: 200[0m
[0;32mI (41952) MQTT_EXAMPLE: MQTT_EVENT_DATA[0m
TOPIC=/flespi/qos0
DATA={"ID":2,"temp":30,"hum":80,"adc_val":5}
[0;32mI (42042) Timer: 1 hour has passed![0m
[0;32mI (47862) LORA: 209 byte packet received:[Jï¿½ï¿½Xï¿½r%ï¿½*ï¿½udï¿½ï¿½Ô³ï¿½cyï¿½ï¿½Vï¿½WK/dï¿½ï¿½ï¿½
Iï¿½ï¿½\ï¿½ï¿½Î²/^Xï¿½?Lï¿½ï¿½ï¿½Ó–,mlï¿½-Ù¼ï¿½ï¿½wï¿½ï¿½ï¿½! ï¿½ï¿½>ï¿½ï¿½ï¿½8ï¿½Ï¿ï¿½rkï¿½ï¿½hZSï¿½g,+ï¿½tï¿½13kï¿½ï¿½8ï¿½ï¿½ï¿½ï¿½ï¿½ï¿½G5ï¿½dqï¿½ï¿½][Xï¿½	)Yï¿½ï¿½j9Eï¿½8ï¿½ï¿½Lï¿½~Kï¿½LFcï¿½.ï¿½h|ï¿½ï¿½ï¿½Ð¥qU'Ýžï¿½o[5<:ï¿½ï¿½q	ï¿½deï¿½WR!ï¿½ï¿½ï¿½{ï¿½pVï¿½ï¿½Vï¿½B!i%O][0m
[0;32mI (47932) LORA_SEND_PACKET: Sending packet: 200[0m
[0;32mI (48262) MQTT_EXAMPLE: MQTT_EVENT_DATA[0m
TOPIC=/flespi/qos0
DATA=Jï¿½ï¿½Xï¿½r%ï¿½*ï¿½udï¿½ï¿½Ô³ï¿½cyï¿½ï¿½Vï¿½WK/dï¿½ï¿½ï¿½
Iï¿½ï¿½\ï¿½ï¿½Î²/^Xï¿½?Lï¿½ï¿½ï¿½Ó–,mlï¿½-Ù¼ï¿½ï¿½wï¿½ï¿½ï¿½! ï¿½ï¿½>ï¿½ï¿½ï¿½8ï¿½Ï¿ï¿½rkï¿½ï¿½hZSï¿½g,+ï¿½tï¿½13kï¿½ï¿½8ï¿½ï¿½ï¿½ï¿½ï¿½ï¿½G5ï¿½dqï¿½ï¿½][Xï¿½	)Yï¿½ï¿½j9Eï¿½8ï¿½ï¿½Lï¿½~Kï¿½LFcï¿½.ï¿½h|ï¿½ï¿½ï¿½Ð¥qU'Ýžï¿½o[5<:ï¿½ï¿½q	ï¿½deï¿½WR!ï¿½ï¿½ï¿½{ï¿½pVï¿½ï¿½Vï¿½B!i%Oï¿½?ï¿½
