ets Julï¿½ets Jul 29 2019 12:21:46

rst:0x1 (POWERON_RESET),boot:0x13 (SPI_FAST_FLASH_BOOT)
configsip: 0, SPIWP:0xee
clk_drv:0x00,q_drv:0x00,d_drv:0x00,cs0_drv:0x00,hd_drv:0x00,wp_drv:0x00
mode:DIO, clock div:2
load:0x3fff0030,len:7172
load:0x40078000,len:15540
load:0x40080400,len:4
ho 8 tail 4 room 4
load:0x40080404,len:3904
entry 0x40080640
[0;32mI (31) boot: ESP-IDF v5.2.2 2nd stage bootloader[0m
[0;32mI (31) boot: compile time Jun  6 2024 23:59:58[0m
[0;32mI (31) boot: Multicore bootloader[0m
[0;32mI (35) boot: chip revision: v3.0[0m
[0;32mI (39) boot.esp32: SPI Speed      : 40MHz[0m
[0;32mI (44) boot.esp32: SPI Mode       : DIO[0m
[0;32mI (48) boot.esp32: SPI Flash Size : 2MB[0m
[0;32mI (53) boot: Enabling RNG early entropy source...[0m
[0;32mI (58) boot: Partition Table:[0m
[0;32mI (62) boot: ## Label            Usage          Type ST Offset   Length[0m
[0;32mI (69) boot:  0 nvs              WiFi data        01 02 00009000 00006000[0m
[0;32mI (77) boot:  1 phy_init         RF data          01 01 0000f000 00001000[0m
[0;32mI (84) boot:  2 factory          factory app      00 00 00010000 00100000[0m
[0;32mI (92) boot: End of partition table[0m
[0;32mI (96) esp_image: segment 0: paddr=00010020 vaddr=3f400020 size=2651ch (156956) map[0m
[0;32mI (158) esp_image: segment 1: paddr=00036544 vaddr=3ffb0000 size=03ce0h ( 15584) load[0m
[0;32mI (164) esp_image: segment 2: paddr=0003a22c vaddr=40080000 size=05dech ( 24044) load[0m
[0;32mI (174) esp_image: segment 3: paddr=00040020 vaddr=400d0020 size=9cb64h (641892) map[0m
[0;32mI (394) esp_image: segment 4: paddr=000dcb8c vaddr=40085dec size=128dch ( 75996) load[0m
[0;32mI (436) boot: Loaded app from partition at offset 0x10000[0m
[0;32mI (436) boot: Disabling RNG early entropy source...[0m
[0;32mI (448) cpu_start: Multicore app[0m
[0;32mI (456) cpu_start: Pro cpu start user code[0m
[0;32mI (456) cpu_start: cpu freq: 160000000 Hz[0m
[0;32mI (457) cpu_start: Application information:[0m
[0;32mI (460) cpu_start: Project name:     Irrigation_System[0m
[0;32mI (465) cpu_start: App version:      1[0m
[0;32mI (470) cpu_start: Compile time:     Jun  6 2024 23:58:26[0m
[0;32mI (476) cpu_start: ELF file SHA256:  84fffd5ca...[0m
[0;32mI (481) cpu_start: ESP-IDF:          v5.2.2[0m
[0;32mI (486) cpu_start: Min chip rev:     v0.0[0m
[0;32mI (491) cpu_start: Max chip rev:     v3.99 [0m
[0;32mI (496) cpu_start: Chip rev:         v3.0[0m
[0;32mI (501) heap_init: Initializing. RAM available for dynamic allocation:[0m
[0;32mI (508) heap_init: At 3FFAE6E0 len 00001920 (6 KiB): DRAM[0m
[0;32mI (514) heap_init: At 3FFB84C8 len 00027B38 (158 KiB): DRAM[0m
[0;32mI (520) heap_init: At 3FFE0440 len 00003AE0 (14 KiB): D/IRAM[0m
[0;32mI (526) heap_init: At 3FFE4350 len 0001BCB0 (111 KiB): D/IRAM[0m
[0;32mI (533) heap_init: At 400986C8 len 00007938 (30 KiB): IRAM[0m
[0;32mI (540) spi_flash: detected chip: generic[0m
[0;32mI (543) spi_flash: flash io: dio[0m
[0;33mW (547) spi_flash: Detected size(4096k) larger than the size in the binary image header(2048k). Using the size in the binary image header.[0m
[0;32mI (561) main_task: Started on CPU0[0m
[0;32mI (571) main_task: Calling app_main()[0m
[0;32mI (611) wifi station: STARTING WIFI APPLICATION[0m
I (621) wifi:wifi driver task: 3ffc08d0, prio:23, stack:6656, core=0
I (631) wifi:wifi firmware version: 3e0076f
I (631) wifi:wifi certification version: v7.0
I (631) wifi:config NVS flash: enabled
I (631) wifi:config nano formating: disabled
I (641) wifi:Init data frame dynamic rx buffer num: 32
I (641) wifi:Init static rx mgmt buffer num: 5
I (651) wifi:Init management short buffer num: 32
I (651) wifi:Init dynamic tx buffer num: 32
I (661) wifi:Init static rx buffer size: 1600
I (661) wifi:Init static rx buffer num: 10
I (661) wifi:Init dynamic rx buffer num: 32
[0;32mI (671) wifi_init: rx ba win: 6[0m
[0;32mI (671) wifi_init: tcpip mbox: 32[0m
[0;32mI (681) wifi_init: udp mbox: 6[0m
[0;32mI (681) wifi_init: tcp mbox: 6[0m
[0;32mI (681) wifi_init: tcp tx win: 5760[0m
[0;32mI (691) wifi_init: tcp rx win: 5760[0m
[0;32mI (691) wifi_init: tcp mss: 1440[0m
[0;32mI (701) wifi_init: WiFi IRAM OP enabled[0m
[0;32mI (701) wifi_init: WiFi RX IRAM OP enabled[0m
[0;32mI (751) phy_init: phy_version 4791,2c4672b,Dec 20 2023,16:06:06[0m
[0;33mW (751) phy_init: failed to load RF calibration data (0xffffffff), falling back to full calibration[0m
I (911) wifi:mode : sta (b8:d6:1a:5b:7c:ac)
I (911) wifi:enable tsf
[0;32mI (911) wifi station: wifi_init_sta finished.[0m
I (1191) wifi:new:<11,0>, old:<1,0>, ap:<255,255>, sta:<11,0>, prof:1
I (1191) wifi:state: init -> auth (b0)
I (1201) wifi:state: auth -> assoc (0)
I (1201) wifi:state: assoc -> run (10)
I (1221) wifi:connected with NT Nam Nguyen, aid = 1, channel 11, BW20, bssid = 24:de:c6:4d:02:70
I (1221) wifi:security: WPA2-PSK, phy: bgn, rssi: -80
I (1241) wifi:pm start, type: 1

I (1241) wifi:dp: 1, bi: 102400, li: 3, scale listen interval from 307200 us to 307200 us
I (1261) wifi:<ba-add>idx:0 (ifx:0, 24:de:c6:4d:02:70), tid:0, ssn:2, winSize:64
I (1311) wifi:AP's beacon interval = 102400 us, DTIM period = 1
[0;32mI (2241) esp_netif_handlers: sta ip: 192.168.1.61, mask: 255.255.252.0, gw: 192.168.1.1[0m
[0;32mI (2241) wifi station: got ip:192.168.1.61[0m
[0;32mI (2241) wifi station: connected to ap SSID:NT Nam Nguyen password:P2041976[0m
[0;32mI (2251) MQTT_EXAMPLE: Other event id:7[0m
I (2611) wifi:<ba-add>idx:1 (ifx:0, 24:de:c6:4d:02:70), tid:1, ssn:0, winSize:64
[0;32mI (4391) MQTT_EXAMPLE: MQTT_EVENT_CONNECTED[0m
[0;32mI (4401) MQTT_EXAMPLE: sent subscribe successful, msg_id=61383[0m
[0;32mI (4401) MQTT_EXAMPLE: sent subscribe successful, msg_id=49957[0m
[0;32mI (4801) MQTT_EXAMPLE: MQTT_EVENT_SUBSCRIBED, msg_id=61383[0m
[0;32mI (4801) MQTT_EXAMPLE: sent publish successful[0m
[0;32mI (5211) MQTT_EXAMPLE: MQTT_EVENT_SUBSCRIBED, msg_id=49957[0m
[0;32mI (5211) MQTT_EXAMPLE: sent publish successful[0m
[0;32mI (7261) main_task: Returned from app_main()[0m

assert failed: spi_device_transmit spi_master.c:1023 (ret_trans == trans_desc)


Backtrace: 0x4008189e:0x3ffca530 0x40089ce9:0x3ffca550 0x4009278d:0x3ffca570 0x400dd8ed:0x3ffca690 0x400d769a:0x3ffca6c0 0x400d7734:0x3ffca710 0x400d7233:0x3ffca730 0x4008a7f5:0x3ffca760




Backtrace: 0x4008189e:0x3ffb9580 0x40089ce9:0x3ffb95a0 0x4009278d:0x3ffb95c0 0x400dd8ed:0x3ffb96e0 0x400d769a:0x3ffb9710 0x400d79ef:0x3ffb9760 0x400d71fe:0x3ffb9780 0x400d4d95:0x3ffb97a0 0x400d4ddd:0x3ffb97d0 0x4008a7f5:0x3ffb97f0




ELF file SHA256: 84fffd5ca

Rebooting...
ets Jul 29 2019 12:21:46

rst:0xc (SW_CPU_RESET),boot:0x13 (SPI_FAST_FLASH_BOOT)
configsip: 0, SPIWP:0xee
clk_drv:0x00,q_drv:0x00,d_drv:0x00,cs0_drv:0x00,hd_drv:0x00,wp_drv:0x00
mode:DIO, clock div:2
load:0x3fff0030,len:7172
load:0x40078000,len:15540
load:0x40080400,len:4
ho 8 tail 4 room 4
load:0x40080404,len:3904
entry 0x40080640
[0;32mI (31) boot: ESP-IDF v5.2.2 2nd stage bootloader[0m
[0;32mI (31) boot: compile time Jun  6 2024 23:59:58[0m
[0;32mI (31) boot: Multicore bootloader[0m
[0;32mI (35) boot: chip revision: v3.0[0m
[0;32mI (39) boot.esp32: SPI Speed      : 40MHz[0m
[0;32mI (44) boot.esp32: SPI Mode       : DIO[0m
[0;32mI (48) boot.esp32: SPI Flash Size : 2MB[0m
[0;32mI (53) boot: Enabling RNG early entropy source...[0m
[0;32mI (58) boot: Partition Table:[0m
[0;32mI (62) boot: ## Label            Usage          Type ST Offset   Length[0m
[0;32mI (69) boot:  0 nvs              WiFi data        01 02 00009000 00006000[0m
[0;32mI (76) boot:  1 phy_init         RF data          01 01 0000f000 00001000[0m
[0;32mI (84) boot:  2 factory          factory app      00 00 00010000 00100000[0m
[0;32mI (91) boot: End of partition table[0m
[0;32mI (96) esp_image: segment 0: paddr=00010020 vaddr=3f400020 size=2651ch (156956) map[0m
[0;32mI (158) esp_image: segment 1: paddr=00036544 vaddr=3ffb0000 size=03ce0h ( 15584) load[0m
[0;32mI (1