ets Julï¿½ets Jul 29 2019 12:21:46

rst:0x1 (POWERON_RESET),boot:0x13 (SPI_FAST_FLASH_BOOT)
configsip: 0, SPIWP:0xee
clk_drv:0x00,q_drv:0x00,d_drv:0x00,cs0_drv:0x00,hd_drv:0x00,wp_drv:0x00
mode:DIO, clock div:2
load:0x3fff0030,len:7172
load:0x40078000,len:15540
load:0x40080400,len:4
ho 8 tail 4 room 4
load:0x40080404,len:3904
entry 0x40080640
[0;32mI (31) boot: ESP-IDF v5.2.2 2nd stage bootloader[0m
[0;32mI (31) boot: compile time Jun  6 2024 23:59:58[0m
[0;32mI (31) boot: Multicore bootloader[0m
[0;32mI (35) boot: chip revision: v3.0[0m
[0;32mI (39) boot.esp32: SPI Speed      : 40MHz[0m
[0;32mI (44) boot.esp32: SPI Mode       : DIO[0m
[0;32mI (48) boot.esp32: SPI Flash Size : 2MB[0m
[0;32mI (53) boot: Enabling RNG early entropy source...[0m
[0;32mI (58) boot: Partition Table:[0m
[0;32mI (62) boot: ## Label            Usage          Type ST Offset   Length[0m
[0;32mI (69) boot:  0 nvs              WiFi data        01 02 00009000 00006000[0m
[0;32mI (77) boot:  1 phy_init         RF data          01 01 0000f000 00001000[0m
[0;32mI (84) boot:  2 factory          factory app      00 00 00010000 00100000[0m
[0;32mI (92) boot: End of partition table[0m
[0;32mI (96) esp_image: segment 0: paddr=00010020 vaddr=3f400020 size=265cch (157132) map[0m
[0;32mI (158) esp_image: segment 1: paddr=000365f4 vaddr=3ffb0000 size=03ce0h ( 15584) load[0m
[0;32mI (164) esp_image: segment 2: paddr=0003a2dc vaddr=40080000 size=05d3ch ( 23868) load[0m
[0;32mI (174) esp_image: segment 3: paddr=00040020 vaddr=400d0020 size=9cd04h (642308) map[0m
[0;32mI (394) esp_image: segment 4: paddr=000dcd2c vaddr=40085d3c size=1298ch ( 76172) load[0m
[0;32mI (436) boot: Loaded app from partition at offset 0x10000[0m
[0;32mI (436) boot: Disabling RNG early entropy source...[0m
[0;32mI (448) cpu_start: Multicore app[0m
[0;32mI (457) cpu_start: Pro cpu start user code[0m
[0;32mI (457) cpu_start: cpu freq: 160000000 Hz[0m
[0;32mI (457) cpu_start: Application information:[0m
[0;32mI (460) cpu_start: Project name:     Irrigation_System[0m
[0;32mI (466) cpu_start: App version:      1[0m
[0;32mI (470) cpu_start: Compile time:     Jun  6 2024 23:58:26[0m
[0;32mI (476) cpu_start: ELF file SHA256:  0567d574b...[0m
[0;32mI (481) cpu_start: ESP-IDF:          v5.2.2[0m
[0;32mI (486) cpu_start: Min chip rev:     v0.0[0m
[0;32mI (491) cpu_start: Max chip rev:     v3.99 [0m
[0;32mI (496) cpu_start: Chip rev:         v3.0[0m
[0;32mI (501) heap_init: Initializing. RAM available for dynamic allocation:[0m
[0;32mI (508) heap_init: At 3FFAE6E0 len 00001920 (6 KiB): DRAM[0m
[0;32mI (514) heap_init: At 3FFB83D8 len 00027C28 (159 KiB): DRAM[0m
[0;32mI (520) heap_init: At 3FFE0440 len 00003AE0 (14 KiB): D/IRAM[0m
[0;32mI (526) heap_init: At 3FFE4350 len 0001BCB0 (111 KiB): D/IRAM[0m
[0;32mI (533) heap_init: At 400986C8 len 00007938 (30 KiB): IRAM[0m
[0;32mI (541) spi_flash: detected chip: generic[0m
[0;32mI (544) spi_flash: flash io: dio[0m
[0;33mW (548) spi_flash: Detected size(4096k) larger than the size in the binary image header(2048k). Using the size in the binary image header.[0m
[0;32mI (562) main_task: Started on CPU0[0m
[0;32mI (572) main_task: Calling app_main()[0m
[0;32mI (612) wifi station: STARTING WIFI APPLICATION[0m
I (622) wifi:wifi driver task: 3ffc0890, prio:23, stack:6656, core=0
I (642) wifi:wifi firmware version: 3e0076f
I (642) wifi:wifi certification version: v7.0
I (642) wifi:config NVS flash: enabled
I (642) wifi:config nano formating: disabled
I (642) wifi:Init data frame dynamic rx buffer num: 32
I (652) wifi:Init static rx mgmt buffer num: 5
I (652) wifi:Init management short buffer num: 32
I (652) wifi:Init dynamic tx buffer num: 32
I (662) wifi:Init static rx buffer size: 1600
I (662) wifi:Init static rx buffer num: 10
I (672) wifi:Init dynamic rx buffer num: 32
[0;32mI (672) wifi_init: rx ba win: 6[0m
[0;32mI (672) wifi_init: tcpip mbox: 32[0m
[0;32mI (682) wifi_init: udp mbox: 6[0m
[0;32mI (682) wifi_init: tcp mbox: 6[0m
[0;32mI (682) wifi_init: tcp tx win: 5760[0m
[0;32mI (692) wifi_init: tcp rx win: 5760[0m
[0;32mI (692) wifi_init: tcp mss: 1440[0m
[0;32mI (702) wifi_init: WiFi IRAM OP enabled[0m
[0;32mI (702) wifi_init: WiFi RX IRAM OP enabled[0m
[0;32mI (712) phy_init: phy_version 4791,2c4672b,Dec 20 2023,16:06:06[0m
I (802) wifi:mode : sta (b8:d6:1a:5b:7c:ac)
I (802) wifi:enable tsf
[0;32mI (802) wifi station: wifi_init_sta finished.[0m
I (822) wifi:new:<4,0>, old:<1,0>, ap:<255,255>, sta:<4,0>, prof:1
I (822) wifi:state: init -> auth (b0)
I (1822) wifi:state: auth -> init (200)
I (1822) wifi:new:<4,0>, old:<4,0>, ap:<255,255>, sta:<4,0>, prof:1
[0;32mI (1822) wifi station: retry to connect to the AP[0m
[0;32mI (1832) wifi station: connect to the AP fail[0m
[0;32mI (4242) wifi station: retry to connect to the AP[0m
[0;32mI (4242) wifi station: connect to the AP fail[0m
I (4302) wifi:new:<4,0>, old:<4,0>, ap:<255,255>, sta:<4,0>, prof:1
I (4302) wifi:state: init -> auth (b0)
I (5302) wifi:state: auth -> init (200)
I (5302) wifi:new:<4,0>, old:<4,0>, ap:<255,255>, sta:<4,0>, prof:1
[0;32mI (5302) wifi station: retry to connect to the AP[0m
[0;32mI (5302) wifi station: connect to the AP fail[0m
[0;32mI (7722) wifi station: retry to connect to the AP[0m
[0;32mI (7722) wifi station: connect to the AP fail[0m
I (7722) wifi:new:<4,0>, old:<4,0>, ap:<255,255>, sta:<4,0>, prof:1
I (7732) wifi:state: init -> auth (b0)
I (8732) wifi:state: auth -> init (200)
I (8732) wifi:new:<4,0>, old:<4,0>, ap:<255,255>, sta:<4,0>, prof:1
[0;32mI (8732) wifi station: retry to connect to the AP[0m
[0;32mI (8732) wifi station: connect to the AP fail[0m
[0;32mI (11152) wifi station: connect to the AP fail[0m
[0;32mI (11152) wifi station: Failed to connect to SSID:Hai Nam, password:23581104[0m
[0;32mI (11152) MQTT_EXAMPLE: Other event id:7[0m
[0;31mE (11152) esp-tls: couldn't get hostname for :mqtt.flespi.io: getaddrinfo() returns 202, addrinfo=0x0[0m
[0;31mE (11162) transport_base: Failed to open a new connection: 32769[0m
[0;31mE (11172) mqtt_client: Error transport connect[0m
[0;32mI (11172) MQTT_EXAMPLE: MQTT_EVENT_ERROR[0m
[0;31mE (11182) MQTT_EXAMPLE: Last error reported from esp-tls: 0x8001[0m
[0;32mI (11192) MQTT_EXAMPLE: Last errno string (Success)[0m
[0;32mI (11192) MQTT_EXAMPLE: MQTT_EVENT_DISCONNECTED[0m
[0;32mI (16202) main_task: Returned from app_main()[0m
[0;33mW (18592) mqtt_client: Publish: Losing qos0 data when client not connected[0m
[0;32mI (18592) LORA: 41 byte packet received:[{"ID":2,"temp":29,"hum":95,"adc_val":71}][0m
[0;32mI (18632) LORA_SEND_PACKET: Sending packet: 200[0m
[0;32mI (21202) MQTT_EXAMPLE: Other event id:7[0m
[0;31mE (21202) esp-tls: couldn't get hostname for :mqtt.flespi.io: getaddrinfo() returns 202, addrinfo=0x0[0m
[0;31mE (21202) transport_base: Failed to open a new connection: 32769[0m
[0;31mE (21212) mqtt_client: Error transport connect[0m
[0;32mI (21212) MQTT_EXAMPLE: MQTT_EVENT_ERROR[0m
[0;31mE (21222) MQTT_EXAMPLE: Last error reported from esp-tls: 0x8001[0m
[0;32mI (21222) MQTT_EXAMPLE: Last errno string (Success)[0m
[0;32mI (21232) MQTT_EXAMPLE: MQTT_EVENT_DISCONNECTED[0m
[0;32mI (36232) MQTT_EXAMPLE: Other event id:7[0m
[0;31mE (36232) esp-tls: couldn't get hostname for :mqtt.flespi.io: getaddrinfo() returns 202, addrinfo=0x0[0m
[0;31mE (36232) transport_base: Failed to open a new connection: 32769[0m
[0;31mE (36242) mqtt_client: Error transport connect[0m
[0;32mI (36242) MQTT_EXAMPLE: MQTT_EVENT_ERROR[0m
[0;31mE (36252) MQTT_EXAMPLE: Last error reported from esp-tls: 0x8001[0m
[0;32mI (36252) MQTT_EXAMPLE: Last errno string (Success)[0m
[0;32mI (36262) MQTT_EXAMPLE: MQTT_EVENT_DISCONNECTED[0m
