ets Juï¿½ets Jul 29 2019 12:21:46

rst:0x1 (POWERON_RESET),boot:0x13 (SPI_FAST_FLASH_BOOT)
configsip: 0, SPIWP:0xee
clk_drv:0x00,q_drv:0x00,d_drv:0x00,cs0_drv:0x00,hd_drv:0x00,wp_drv:0x00
mode:DIO, clock div:2
load:0x3fff0030,len:7172
load:0x40078000,len:15540
load:0x40080400,len:4
ho 8 tail 4 room 4
load:0x40080404,len:3904
entry 0x40080640
[0;32mI (31) boot: ESP-IDF v5.2.2-dirty 2nd stage bootloader[0m
[0;32mI (31) boot: compile time Jul 15 2024 11:05:42[0m
[0;32mI (31) boot: Multicore bootloader[0m
[0;32mI (36) boot: chip revision: v3.0[0m
[0;32mI (40) boot.esp32: SPI Speed      : 40MHz[0m
[0;32mI (44) boot.esp32: SPI Mode       : DIO[0m
[0;32mI (49) boot.esp32: SPI Flash Size : 4MB[0m
[0;32mI (53) boot: Enabling RNG early entropy source...[0m
[0;32mI (59) boot: Partition Table:[0m
[0;32mI (62) boot: ## Label            Usage          Type ST Offset   Length[0m
[0;32mI (70) boot:  0 nvs              WiFi data        01 02 00009000 00006000[0m
[0;32mI (77) boot:  1 phy_init         RF data          01 01 0000f000 00001000[0m
[0;32mI (85) boot:  2 factory          factory app      00 00 00010000 00200000[0m
[0;32mI (92) boot: End of partition table[0m
[0;32mI (96) esp_image: segment 0: paddr=00010020 vaddr=3f400020 size=4ab84h (306052) map[0m
[0;32mI (210) esp_image: segment 1: paddr=0005abac vaddr=3ffb0000 size=03d00h ( 15616) load[0m
[0;32mI (216) esp_image: segment 2: paddr=0005e8b4 vaddr=40080000 size=01764h (  5988) load[0m
[0;32mI (218) esp_image: segment 3: paddr=00060020 vaddr=400d0020 size=a742ch (685100) map[0m
[0;32mI (459) esp_image: segment 4: paddr=00107454 vaddr=40081764 size=16f64h ( 94052) load[0m
[0;32mI (508) boot: Loaded app from partition at offset 0x10000[0m
[0;32mI (508) boot: Disabling RNG early entropy source...[0m
[0;32mI (519) cpu_start: Multicore app[0m
[0;32mI (528) cpu_start: Pro cpu start user code[0m
[0;32mI (528) cpu_start: cpu freq: 160000000 Hz[0m
[0;32mI (528) cpu_start: Application information:[0m
[0;32mI (531) cpu_start: Project name:     Irrigation_System[0m
[0;32mI (537) cpu_start: App version:      1[0m
[0;32mI (541) cpu_start: Compile time:     Jul 15 2024 11:03:58[0m
[0;32mI (548) cpu_start: ELF file SHA256:  9662b562f...[0m
[0;32mI (553) cpu_start: ESP-IDF:          v5.2.2-dirty[0m
[0;32mI (558) cpu_start: Min chip rev:     v0.0[0m
[0;32mI (563) cpu_start: Max chip rev:     v3.99 [0m
[0;32mI (568) cpu_start: Chip rev:         v3.0[0m
[0;32mI (573) heap_init: Initializing. RAM available for dynamic allocation:[0m
[0;32mI (580) heap_init: At 3FFAE6E0 len 00001920 (6 KiB): DRAM[0m
[0;32mI (586) heap_init: At 3FFB8440 len 00027BC0 (158 KiB): DRAM[0m
[0;32mI (592) heap_init: At 3FFE0440 len 00003AE0 (14 KiB): D/IRAM[0m
[0;32mI (598) heap_init: At 3FFE4350 len 0001BCB0 (111 KiB): D/IRAM[0m
[0;32mI (605) heap_init: At 400986C8 len 00007938 (30 KiB): IRAM[0m
[0;32mI (613) spi_flash: detected chip: generic[0m
[0;32mI (616) spi_flash: flash io: dio[0m
[0;32mI (621) main_task: Started on CPU0[0m
[0;32mI (631) main_task: Calling app_main()[0m
[0;32mI (701) wifi_app: STARTING WIFI APPLICATION[0m
[0;31mE (701) nvs: Error (ESP_ERR_NVS_NOT_FOUND) opening NVS handle![0m
[0;32mI (701) main_task: Returned from app_main()[0m
[0;32mI (751) wifi_init: rx ba win: 6[0m
[0;32mI (751) wifi_init: tcpip mbox: 32[0m
[0;32mI (751) wifi_init: udp mbox: 6[0m
[0;32mI (751) wifi_init: tcp mbox: 6[0m
[0;32mI (751) wifi_init: tcp tx win: 5760[0m
[0;32mI (761) wifi_init: tcp rx win: 5760[0m
[0;32mI (761) wifi_init: tcp mss: 1440[0m
[0;32mI (771) wifi_init: WiFi IRAM OP enabled[0m
[0;32mI (771) wifi_init: WiFi RX IRAM OP enabled[0m
[0;32mI (1301) phy_init: phy_version 4791,2c4672b,Dec 20 2023,16:06:06[0m
[0;32mI (1451) wifi_app: WIFI_EVENT_STA_START[0m
[0;32mI (1461) wifi_app: WIFI_APP_MSG_LOAD_SAVED_CREDENTIALS[0m
[0;32mI (1461) nvs: app_nvs_load_sta_creds: Loading Wifi credentials from flash[0m
[0;32mI (1461) wifi_app: WIFI_EVENT_AP_START[0m
[0;32mI (1471) esp_netif_lwip: DHCP server started on interface WIFI_AP_DEF with IP: 192.168.0.1[0m
app_nvs_load_sta_creds: SSID: Hai Nam Password: 23581104
[0;32mI (1481) wifi_app: Loaded station configuration[0m
[0;32mI (1491) wifi_app: WIFI_APP_MSG_START_HTTP_SERVER[0m
[0;32mI (1491) HTTP_SERVER: http_server_configure: Starting server on port: '80' with task priority: '4'[0m
[0;32mI (1501) HTTP_SERVER: Registering URI handlers[0m
[0;32mI (2201) wifi_app: WIFI_EVENT_STA_CONNECTED[0m
[0;32mI (5201) wifi_app: IP_EVENT_STA_GOT_IP[0m
[0;32mI (5201) esp_netif_handlers: sta ip: 192.168.1.12, mask: 255.255.255.0, gw: 192.168.1.1[0m
[0;32mI (6511) MQTT: STARTING MQTT APPLICATION[0m
[0;32mI (6511) MQTT: MQTT_APP_MSG_LOAD_SAVED_CREDENTIALS[0m
[0;32mI (6511) MQTT_APP: app_nvs_load_mqtt_creds: Loading MQTT credentials from flash[0m
app_nvs_load_mqtt_creds: URI: mqtt://mqtt.flespi.io Client ID: esp32 Username: ah2cbuQ57EsGfyGVtW7939tlbBprFq17Gwdbie3jcRiG57SHrZduYBRGhotdrrcL Password: 
[0;32mI (6531) MQTT: Loaded MQTT configuration[0m
mqtt://mqtt.flespi.io
ah2cbuQ57EsGfyGVtW7939tlbBprFq17Gwdbie3jcRiG57SHrZduYBRGhotdrrcL
esp32

[0;32mI (6541) MQTT: MQTT_APP_MSG_MQTT_CONNECTED[0m
[0;32mI (6541) MQTT: Other event id:7[0m
[0;32mI (6541) HTTP_SERVER: HTTP_MSG_MQTT_CONNECT_SUCCESS[0m
[0;32mI (7441) MQTT: MQTT_EVENT_CONNECTED[0m
[0;32mI (7441) MQTT: sent subscribe successful, msg_id=57663[0m
[0;32mI (7441) MQTT: sent subscribe successful, msg_id=60087[0m
[0;32mI (7691) MQTT: MQTT_EVENT_SUBSCRIBED, msg_id=57663[0m
[0;32mI (7691) MQTT: sent publish successful[0m
[0;32mI (7931) MQTT: MQTT_EVENT_SUBSCRIBED, msg_id=60087[0m
[0;32mI (7931) MQTT: sent publish successful[0m
[0;32mI (11511) wifi_app: WIFI_APP_MSG_STA_CONNECTED_GOT_IP[0m
[0;32mI (11511) HTTP_SERVER: HTTP_MSG_WIFI_CONNECT_SUCCESS[0m
[0;32mI (30701) Timer: 1 hour has passed![0m
[0;32mI (53861) wifi_app: WIFI_EVENT_AP_STACONNECTED[0m
[0;32mI (53951) esp_netif_lwip: DHCP server assigned IP to a client, IP is: 192.168.0.2[0m
[0;32mI (56971) HTTP_SERVER: index.html requested[0m
[0;32mI (57061) HTTP_SERVER: app.css requested[0m
[0;32mI (57091) HTTP_SERVER: Jquery requested[0m
[0;32mI (59241) HTTP_SERVER: favicon.ico requested[0m
[0;32mI (59291) HTTP_SERVER: app.js requested[0m
[0;32mI (60701) Timer: 1 hour has passed![0m
[0;32mI (61111) HTTP_SERVER: quantity.json requested[0m
[0;32mI (61121) HTTP_SERVER: index.html requested[0m
[0;32mI (61181) HTTP_SERVER: Jquery requested[0m
[0;32mI (61371) HTTP_SERVER: app.js requested[0m
[0;32mI (61401) HTTP_SERVER: app.css requested[0m
[0;32mI (61431) HTTP_SERVER: favicon.ico requested[0m
[0;32mI (90701) Timer: 1 hour has passed![0m
[0;32mI (120701) Timer: 1 hour has passed![0m
[0;32mI (150701) Timer: 1 hour has passed![0m
[0;32mI (180701) Timer: 1 hour has passed![0m
