etsï¿½ets Jul 29 2019 12:21:46

rst:0x1 (POWERON_RESET),boot:0x13 (SPI_FAST_FLASH_BOOT)
configsip: 0, SPIWP:0xee
clk_drv:0x00,q_drv:0x00,d_drv:0x00,cs0_drv:0x00,hd_drv:0x00,wp_drv:0x00
mode:DIO, clock div:2
load:0x3fff0030,len:7172
load:0x40078000,len:15540
load:0x40080400,len:4
ho 8 tail 4 room 4
load:0x40080404,len:3904
entry 0x40080640
[0;32mI (31) boot: ESP-IDF v5.2.2 2nd stage bootloader[0m
[0;32mI (31) boot: compile time Jun  6 2024 23:59:58[0m
[0;32mI (31) boot: Multicore bootloader[0m
[0;32mI (35) boot: chip revision: v3.0[0m
[0;32mI (39) boot.esp32: SPI Speed      : 40MHz[0m
[0;32mI (44) boot.esp32: SPI Mode       : DIO[0m
[0;32mI (48) boot.esp32: SPI Flash Size : 2MB[0m
[0;32mI (53) boot: Enabling RNG early entropy source...[0m
[0;32mI (58) boot: Partition Table:[0m
[0;32mI (62) boot: ## Label            Usage          Type ST Offset   Length[0m
[0;32mI (69) boot:  0 nvs              WiFi data        01 02 00009000 00006000[0m
[0;32mI (77) boot:  1 phy_init         RF data          01 01 0000f000 00001000[0m
[0;32mI (84) boot:  2 factory          factory app      00 00 00010000 00100000[0m
[0;32mI (92) boot: End of partition table[0m
[0;32mI (96) esp_image: segment 0: paddr=00010020 vaddr=3f400020 size=265bch (157116) map[0m
[0;32mI (158) esp_image: segment 1: paddr=000365e4 vaddr=3ffb0000 size=03ce0h ( 15584) load[0m
[0;32mI (164) esp_image: segment 2: paddr=0003a2cc vaddr=40080000 size=05d4ch ( 23884) load[0m
[0;32mI (174) esp_image: segment 3: paddr=00040020 vaddr=400d0020 size=9ccf4h (642292) map[0m
[0;32mI (394) esp_image: segment 4: paddr=000dcd1c vaddr=40085d4c size=1297ch ( 76156) load[0m
[0;32mI (436) boot: Loaded app from partition at offset 0x10000[0m
[0;32mI (436) boot: Disabling RNG early entropy source...[0m
[0;32mI (448) cpu_start: Multicore app[0m
[0;32mI (457) cpu_start: Pro cpu start user code[0m
[0;32mI (457) cpu_start: cpu freq: 160000000 Hz[0m
[0;32mI (457) cpu_start: Application information:[0m
[0;32mI (460) cpu_start: Project name:     Irrigation_System[0m
[0;32mI (465) cpu_start: App version:      1[0m
[0;32mI (470) cpu_start: Compile time:     Jun  6 2024 23:58:26[0m
[0;32mI (476) cpu_start: ELF file SHA256:  9953f06b5...[0m
[0;32mI (481) cpu_start: ESP-IDF:          v5.2.2[0m
[0;32mI (486) cpu_start: Min chip rev:     v0.0[0m
[0;32mI (491) cpu_start: Max chip rev:     v3.99 [0m
[0;32mI (496) cpu_start: Chip rev:         v3.0[0m
[0;32mI (501) heap_init: Initializing. RAM available for dynamic allocation:[0m
[0;32mI (508) heap_init: At 3FFAE6E0 len 00001920 (6 KiB): DRAM[0m
[0;32mI (514) heap_init: At 3FFB83D0 len 00027C30 (159 KiB): DRAM[0m
[0;32mI (520) heap_init: At 3FFE0440 len 00003AE0 (14 KiB): D/IRAM[0m
[0;32mI (526) heap_init: At 3FFE4350 len 0001BCB0 (111 KiB): D/IRAM[0m
[0;32mI (533) heap_init: At 400986C8 len 00007938 (30 KiB): IRAM[0m
[0;32mI (541) spi_flash: detected chip: generic[0m
[0;32mI (544) spi_flash: flash io: dio[0m
[0;33mW (548) spi_flash: Detected size(4096k) larger than the size in the binary image header(2048k). Using the size in the binary image header.[0m
[0;32mI (562) main_task: Started on CPU0[0m
[0;32mI (572) main_task: Calling app_main()[0m
[0;32mI (612) wifi station: STARTING WIFI APPLICATION[0m
I (622) wifi:wifi driver task: 3ffc0888, prio:23, stack:6656, core=0
I (642) wifi:wifi firmware version: 3e0076f
I (642) wifi:wifi certification version: v7.0
I (642) wifi:config NVS flash: enabled
I (642) wifi:config nano formating: disabled
I (642) wifi:Init data frame dynamic rx buffer num: 32
I (652) wifi:Init static rx mgmt buffer num: 5
I (652) wifi:Init management short buffer num: 32
I (652) wifi:Init dynamic tx buffer num: 32
I (662) wifi:Init static rx buffer size: 1600
I (662) wifi:Init static rx buffer num: 10
I (672) wifi:Init dynamic rx buffer num: 32
[0;32mI (672) wifi_init: rx ba win: 6[0m
[0;32mI (672) wifi_init: tcpip mbox: 32[0m
[0;32mI (682) wifi_init: udp mbox: 6[0m
[0;32mI (682) wifi_init: tcp mbox: 6[0m
[0;32mI (682) wifi_init: tcp tx win: 5760[0m
[0;32mI (692) wifi_init: tcp rx win: 5760[0m
[0;32mI (692) wifi_init: tcp mss: 1440[0m
[0;32mI (702) wifi_init: WiFi IRAM OP enabled[0m
[0;32mI (702) wifi_init: WiFi RX IRAM OP enabled[0m
[0;32mI (712) phy_init: phy_version 4791,2c4672b,Dec 20 2023,16:06:06[0m
I (802) wifi:mode : sta (b8:d6:1a:5b:7c:ac)
I (802) wifi:enable tsf
[0;32mI (802) wifi station: wifi_init_sta finished.[0m
I (822) wifi:new:<11,0>, old:<1,0>, ap:<255,255>, sta:<11,0>, prof:1
I (822) wifi:state: init -> auth (b0)
I (832) wifi:state: auth -> assoc (0)
I (842) wifi:state: assoc -> run (10)
I (852) wifi:connected with Hai Nam, aid = 5, channel 11, BW20, bssid = 22:87:ec:29:e8:b0
I (852) wifi:security: WPA2-PSK, phy: bgn, rssi: -55
I (862) wifi:pm start, type: 1

I (862) wifi:dp: 1, bi: 102400, li: 3, scale listen interval from 307200 us to 307200 us
I (872) wifi:AP's beacon interval = 102400 us, DTIM period = 1
[0;32mI (3872) esp_netif_handlers: sta ip: 192.168.1.12, mask: 255.255.255.0, gw: 192.168.1.1[0m
[0;32mI (3872) wifi station: got ip:192.168.1.12[0m
[0;32mI (3872) wifi station: connected to ap SSID:Hai Nam password:23581104[0m
[0;32mI (3882) MQTT_EXAMPLE: Other event id:7[0m
I (4362) wifi:<ba-add>idx:0 (ifx:0, 22:87:ec:29:e8:b0), tid:0, ssn:1, winSize:64
[0;32mI (5792) MQTT_EXAMPLE: MQTT_EVENT_CONNECTED[0m
[0;32mI (5802) MQTT_EXAMPLE: sent subscribe successful, msg_id=19942[0m
[0;32mI (5802) MQTT_EXAMPLE: sent subscribe successful, msg_id=62890[0m
[0;32mI (6212) MQTT_EXAMPLE: MQTT_EVENT_SUBSCRIBED, msg_id=19942[0m
[0;32mI (6212) MQTT_EXAMPLE: sent publish successful[0m
[0;32mI (6612) MQTT_EXAMPLE: MQTT_EVENT_SUBSCRIBED, msg_id=62890[0m
[0;32mI (6622) MQTT_EXAMPLE: sent publish successful[0m
[0;32mI (8892) main_task: Returned from app_main()[0m
[0;32mI (68932) LORA_SEND_PACKET: Sending packet: GET_ID0[0m
[0;32mI (79972) LORA_SEND_PACKET: Sending packet: GET_ID1[0m
[0;32mI (91012) LORA_SEND_PACKET: Sending packet: GET_ID2[0m
[0;32mI (102012) Timer: 1 hour has passed![0m

abort() was called at PC 0x40082a63 on core 0


Backtrace: 0x4008189e:0x3ffc01c0 0x40089ce9:0x3ffc01e0 0x40092651:0x3ffc0200 0x40082a63:0x3ffc0270 0x40082ba1:0x3ffc02a0 0x40082c1a:0x3ffc02c0 0x401593e6:0x3ffc02f0 0x40155301:0x3ffc0610 0x4016b689:0x3ffc0640 0x40090fbd:0x3ffc0670 0x40106942:0x3ffc06c0 0x4012210a:0x3ffc0730 0x40096439:0x3ffc0770 0x40168882:0x3ffc0790 0x401688e9:0x3ffc07b0 0x40094286:0x3ffc07d0 0x4008a7f5:0x3ffc0800




ELF file SHA256: 9953f06b5

Rebooting...
ets Jul 29 2019 12:21:46

rst:0xc (SW_CPU_RESET),boot:0x13 (SPI_FAST_FLASH_BOOT)
configsip: 0, SPIWP:0xee
clk_drv:0x00,q_drv:0x00,d_drv:0x00,cs0_drv:0x00,hd_drv:0x00,wp_drv:0x00
mode:DIO, clock div:2
load:0x3fff0030,len:7172
load:0x40078000,len:15540
load:0x40080400,len:4
ho 8 tail 4 room 4
load:0x40080404,len:3904
entry 0x40080640
[0;32mI (31) boot: ESP-IDF v5.2.2 2nd stage bootloader[0m
[0;32mI (31) boot: compile time Jun  6 2024 23:59:58[0m
[0;32mI (31) boot: Multicore bootloader[0m
[0;32mI (35) boot: chip revision: v3.0[0m
[0;32mI (39) boot.esp32: SPI Speed      : 40MHz[0m
[0;32mI (44) boot.esp32: SPI Mode       : DIO[0m
[0;32mI (48) boot.esp32: SPI Flash Size : 2MB[0m
[0;32mI (53) boot: Enabling RNG early entropy source...[0m
[0;32mI (58) boot: Partition Table:[0m
[0;32mI (62) boot: ## Label            Usage          Type ST Offset   Length[0m
[0;32mI (69) boot:  0 nvs              WiFi data        01 02 00009000 00006000[0m
[0;32mI (76) boot:  1 phy_init         RF data          01 01 0000f000 00001000[0m
[0;32mI (84) boot:  2 factory          factory app      00 00 00010000 00100000[0m
[0;32mI (91) boot: End of partition table[0m
[0;32mI (96) esp_image: segment 0: paddr=00010020 vaddr=3f400020 size=265bch (157116) map[0m
[0;32mI (158) esp_image: segment 1: paddr=000365e4 vaddr=3ffb0000 size=03ce0h ( 15584) load[0m
[0;32mI (164) esp_image: segment 2: paddr=0003a2cc vaddr=40080000 size=05d4ch ( 23884) load[0m
[0;32mI (174) esp_image: segment 3: paddr=00040020 vaddr=400d0020 size=9ccf4h (642292) map[0m
[0;32mI (394) esp_image: segment 4: paddr=000dcd1c vaddr=40085d4c size=1297ch ( 76156) load[0m
[0;32mI (436) boot: Loaded app from partition at offset 0x10000[0m
[0;32mI (436) boot: Disabling RNG early entropy source...[0m
[0;32mI (448) cpu_start: Multicore app[0m
[0;32mI (457) cpu_start: Pro cpu start user code[0m
[0;32mI (457) cpu_start: cpu freq: 160000000 Hz[0m
[0;32mI (457) cpu_start: Application information:[0m
[0;32mI (460) cpu_start: Project name:     Irrigation_System[0m
[0;32mI (465) cpu_start: App version:      1[0m
[0;32mI (470) cpu_start: Compile time:     Jun  6 2024 23:58:26[0m
[0;32mI (476) cpu_start: ELF file SHA256:  9953f06b5...[0m
[0;32mI (481) cpu_start: ESP-IDF:          v5.2.2[0m
[0;32mI (486) cpu_start: Min chip rev:     v0.0[0m
[0;32mI (491) cpu_start: Max chip rev:     v3.99 [0m
[0;32mI (496) cpu_start: Chip rev:         v3.0[0m
[0;32mI (501) heap_init: Initializing. RAM available for dynamic allocation:[0m
[0;32mI (508) heap_init: At 3FFAE6E0 len 00001920 (6 KiB): DRAM[0m
[0;32mI (514) heap_init: At 3FFB83D0 len 00027C30 (159 KiB): DRAM[0m
[0;32mI (520) heap_init: At 3FFE0440 len 00003AE0 (14 KiB): D/IRAM[0m
[0;32mI (526) heap_init: At 3FFE4350 len 0001BCB0 (111 KiB): D/IRAM[0m
[0;32mI (533) heap_init: At 400986C8 len 00007938 (30 KiB): IRAM[0m
[0;32mI (540) spi_flash: detected chip: generic[0m
[0;32mI (544) spi_flash: flash io: dio[0m
[0;33mW (547) spi_flash: Detected size(4096k) larger than the size in the binary image header(2048k). Using the size in the binary image header.[0m
[0;32mI (562) main_task: Started on CPU0[0m
[0;32mI (572) main_task: Calling app_main()[0m
[0;32mI (612) wifi station: STARTING WIFI APPLICATION[0m
I (622) wifi:wifi driver task: 3ffc0888, prio:23, stack:6656, core=0
I (642) wifi:wifi firmware version: 3e0076f
I (642) wifi:wifi certification version: v7.0
I (642) wifi:config NVS flash: enabled
I (642) wifi:config nano formating: disabled
I (642) wifi:Init data frame dynamic rx buffer num: 32
I (652) wifi:Init static rx mgmt buffer num: 5
I (652) wifi:Init management short buffer num: 32
I (652) wifi:Init dynamic tx buffer num: 32
I (662) wifi:Init static rx buffer size: 1600
I (662) wifi:Init static rx buffer num: 10
I (672) wifi:Init dynamic rx buffer num: 32
[0;32mI (672) wifi_init: rx ba win: 6[0m
[0;32mI (672) wifi_init: tcpip mbox: 32[0m
[0;32mI (682) wifi_init: udp mbox: 6[0m
[0;32mI (682) wifi_init: tcp mbox: 6[0m
[0;32mI (682) wifi_init: tcp tx win: 5760[0m
[0;32mI (692) wifi_init: tcp rx win: 5760[0m
[0;32mI (692) wifi_init: tcp mss: 1440[0m
[0;32mI (702) wifi_init: WiFi IRAM OP enabled[0m
[0;32mI (702) wifi_init: WiFi RX IRAM OP enabled[0m
[0;32mI (712) phy_init: phy_version 4791,2c4672b,Dec 20 2023,16:06:06[0m
I (802) wifi:mode : sta (b8:d6:1a:5b:7c:ac)
I (802) wifi:enable tsf
[0;32mI (802) wifi station: wifi_init_sta finished.[0m
I (922) wifi:new:<11,0>, old:<1,0>, ap:<255,255>, sta:<11,0>, prof:1
I (922) wifi:state: init -> auth (b0)
I (1922) wifi:state: auth -> init (200)
I (1922) wifi:new:<11,0>, old:<11,0>, ap:<255,255>, sta:<11,0>, prof:1
[0;32mI (1932) wifi station: retry to connect to the AP[0m
[0;32mI (1932) wifi station: connect to the AP fail[0m
[0;32mI (4342) wifi station: retry to connect to the AP[0m
[0;32mI (4342) wifi station: connect to the AP fail[0m
I (4392) wifi:new:<11,0>, old:<11,0>, ap:<255,255>, sta:<11,0>, prof:1
I (4392) wifi:state: init -> auth (b0)
I (5392) wifi:state: auth -> init (200)
I (5392) wifi:new:<11,0>, old:<11,0>, ap:<255,255>, sta:<11,0>, prof:1
[0;32mI (5402) wifi station: retry to connect to the AP[0m
[0;32mI (5402) wifi station: connect to the AP fail[0m
[0;32mI (7812) wifi station: retry to connect to the AP[0m
[0;32mI (7812) wifi station: connect to the AP fail[0m
I (7822) wifi:new:<11,0>, old:<11,0>, ap:<255,255>, sta:<11,0>, prof:1
I (7822) wifi:state: init -> auth (b0)
I (7842) wifi:state: auth -> assoc (0)
I (7852) wifi:state: assoc -> run (10)
I (7862) wifi:connected with Hai Nam, aid = 5, channel 11, BW20, bssid = 22:87:ec:29:e8:b0
I (7862) wifi:security: WPA2-PSK, phy: bgn, rssi: -51
I (7872) wifi:pm start, type: 1

I (7872) wifi:dp: 1, bi: 102400, li: 3, scale listen interval from 307200 us to 307200 us
I (7872) wifi:AP's beacon interval = 102400 us, DTIM period = 1
[0;32mI (10882) esp_netif_handlers: sta ip: 192.168.1.12, mask: 255.255.255.0, gw: 192.168.1.1[0m
[0;32mI (10882) wifi station: got ip:192.168.1.12[0m
[0;32mI (10882) wifi station: connected to ap SSID:Hai Nam password:23581104[0m
[0;32mI (10892) MQTT_EXAMPLE: Other event id:7[0m
I (13002) wifi:<ba-add>idx:0 (ifx:0, 22:87:ec:29:e8:b0), tid:0, ssn:1, winSize:64
[0;32mI (14432) MQTT_EXAMPLE: MQTT_EVENT_CONNECTED[0m
[0;32mI (14432) MQTT_EXAMPLE: sent subscribe successful, msg_id=63431[0m
[0;32mI (14432) MQTT_EXAMPLE: sent subscribe successful, msg_id=10998[0m
[0;32mI (14842) MQTT_EXAMPLE: MQTT_EVENT_SUBSCRIBED, msg_id=63431[0m
[0;32mI (14842) MQTT_EXAMPLE: sent publish successful[0m
[0;32mI (15252) MQTT_EXAMPLE: MQTT_EVENT_SUBSCRIBED, msg_id=10998[0m
[0;32mI (15252) MQTT_EXAMPLE: sent publish successful[0m
[0;32mI (15902) main_task: Returned from app_main()[0m
[0;32mI (75942) LORA_SEND_PACKET: Sending packet: GET_ID0[0m
[0;32mI (86982) LORA_SEND_PACKET: Sending packet: GET_ID1[0m
[0;32mI (87592) Timer: 39 byte packet received:[{"ID":1,"temp":0,"hum":0,"adc_val":45}][0m
[0;32mI (87632) LORA_SEND_PACKET: Sending packet: 200[0m
[0;32mI (88272) MQTT_EXAMPLE: MQTT_EVENT_DATA[0m
TOPIC=/flespi/qos0
DATA={"ID":1,"temp":0,"hum":0,"adc_val":45}
[0;32mI (88672) LORA_SEND_PACKET: Sending packet: GET_ID2[0m
[0;32mI (99672) Timer: 1 hour has passed![0m
[0;32mI (135942) LORA_SEND_PACKET: Sending packet: GET_ID0[0m
[0;32mI (146982) LORA_SEND_PACKET: Sending packet: GET_ID1[0m
[0;32mI (147592) Timer: 39 byte packet received:[{"ID":1,"temp":0,"hum":0,"adc_val":57}][0m
[0;32mI (147632) LORA_SEND_PACKET: Sending packet: 200[0m
[0;32mI (148262) MQTT_EXAMPLE: MQTT_EVENT_DATA[0m
TOPIC=/flespi/qos0
DATA={"ID":1,"temp":0,"hum":0,"adc_val":57}
[0;32mI (148672) LORA_SEND_PACKET: Sending packet: GET_ID2[0m
[0;32mI (159672) Timer: 1 hour has passed![0m
[0;32mI (195942) LORA_SEND_PACKET: Sending packet: GET_ID0[0m
[0;32mI (196562) Timer: 41 byte packet received:[{"ID":0,"temp":28,"hum":92,"adc_val":21}][0m
[0;32mI (196602) LORA_SEND_PACKET: Sending packet: 200[0m
[0;32mI (197162) MQTT_EXAMPLE: MQTT_EVENT_DATA[0m
TOPIC=/flespi/qos0
DATA={"ID":0,"temp":28,"hum":92,"adc_val":21}
[0;32mI (197642) LORA_SEND_PACKET: Sending packet: GET_ID1[0m
[0;32mI (198252) Timer: 39 byte packet received:[{"ID":1,"temp":0,"hum":0,"adc_val":56}][0m
[0;32mI (198292) LORA_SEND_PACKET: Sending packet: 200[0m
[0;32mI (199332) LORA_SEND_PACKET: Sending packet: GET_ID2[0m
[0;32mI (199462) MQTT_EXAMPLE: MQTT_EVENT_DATA[0m
TOPIC=/flespi/qos0
DATA={"ID":1,"temp":0,"hum":0,"adc_val":56}
[0;32mI (210332) Timer: 1 hour has passed![0m
[0;32mI (258922) LORA_SEND_PACKET: Sending packet: GET_ID0[0m
[0;32mI (259302) Timer: packet received:[ï¿½ï¿½ï¿½ï¿½ï¿½ï¿½ï¿½ï¿½ï¿½ï¿½ï¿½ï¿½ï¿½ï¿½ï¿½ï¿½ï¿½ï¿½ï¿½ï¿½ï¿½ï¿½ï¿½ï¿½ï¿½ï¿½ï¿½ï¿½ï¿½ï¿½ï¿½ï¿½ï¿½ï¿½ï¿½ï¿½ï¿½ï¿½ï¿½ï¿½ï¿½ï¿½ï¿½ï¿½ï¿½ï¿½ï¿½ï¿½ï¿½ï¿½ï¿½ï¿½ï¿½ï¿½ï¿½ï¿½ï¿½ï¿½ï¿½ï¿½ï¿½ï¿½ï¿½ï¿½ï¿½ï¿½ï¿½ï¿½ï¿½ï¿½ï¿½ï¿½ï¿½ï¿½ï¿½ï¿½ï¿½ï¿½ï¿½ï¿½ï¿½ï¿½ï¿½ï¿½ï¿½ï¿½ï¿½ï¿½ï¿½ï¿½ï¿½ï¿½ï¿½ï¿½ï¿½ï¿½ï¿½ï¿½ï¿½ï¿½ï¿½ï¿½ï¿½ï¿½ï¿½ï¿½ï¿½ï¿½ï¿½ï¿½ï¿½ï¿½ï¿½ï¿½ï¿½ï¿½ï¿½ï¿½ï¿½ï¿½ï¿½ï¿½ï¿½ï¿½ï¿½ï¿½ï¿½ï¿½ï¿½2@ï¿½@0][0m
[0;32mI (260252) MQTT_EXAMPLE: MQTT_EVENT_DATA[0m
TOPIC=/flespi/qos0
DATA=ï¿½ï¿½ï¿½ï¿½ï¿½ï¿½ï¿½ï¿½ï¿½ï¿½ï¿½ï¿½ï¿½ï¿½ï¿½ï¿½ï¿½ï¿½ï¿½ï¿½ï¿½ï¿½ï¿½ï¿½ï¿½ï¿½ï¿½ï¿½ï¿½ï¿½ï¿½ï¿½ï¿½ï¿½ï¿½ï¿½ï¿½ï¿½ï¿½ï¿½ï¿½ï¿½ï¿½ï¿½ï¿½ï¿½ï¿½ï¿½ï¿½ï¿½ï¿½ï¿½ï¿½ï¿½ï¿½ï¿½ï¿½ï¿½ï¿½ï¿½ï¿½ï¿½ï¿½ï¿½ï¿½ï¿½ï¿½ï¿½ï¿½ï¿½ï¿½ï¿½ï¿½ï¿½ï¿½ï¿½ï¿½ï¿½ï¿½ï¿½ï¿½ï¿½ï¿½ï¿½ï¿½ï¿½ï¿½ï¿½ï¿½ï¿½ï¿½ï¿½ï¿½ï¿½ï¿½ï¿½ï¿½ï¿½ï¿½ï¿½ï¿½ï¿½ï¿½ï¿½ï¿½ï¿½ï¿½ï¿½ï¿½ï¿½ï¿½ï¿½ï¿½ï¿½ï¿½ï¿½ï¿½ï¿½ï¿½ï¿½ï¿½ï¿½ï¿½ï¿½ï¿½ï¿½ï¿½ï¿½ï¿½2@ï¿½@0
[0;32mI (261372) Timer: 0 byte packet received:[][0m
[0;32mI (261912) MQTT_EXAMPLE: MQTT_EVENT_DATA[0m
TOPIC=/flespi/qos0
DATA=#
[0;32mI (289072) LORA_SEND_PACKET: Sending packet: 200[0m
[0;32mI (290072) LORA_SEND_PACKET: Sending packet: GET_ID1[0m
[0;32mI (301072) LORA_SEND_PACKET: Sending packet: GET_ID2[0m
[0;32mI (312072) Timer: 1 hour has passed![0m
[0;32mI (315902) LORA_SEND_PACKET: Sending packet: GET_ID0[0m
[0;32mI (326902) LORA_SEND_PACKET: Sending packet: GET_ID1[0m
[0;32mI (337902) LORA_SEND_PACKET: Sending packet: GET_ID2[0m
[0;32mI (348902) Timer: 1 hour has passed![0m
[0;32mI (375902) LORA_SEND_PACKET: Sending packet: GET_ID0[0m
[0;32mI (376182) Timer: 0 byte packet received:[][0m
[0;32mI (376182) LORA_SEND_PACKET: Sending packet: 200[0m
[0;32mI (376762) MQTT_EXAMPLE: MQTT_EVENT_DATA[0m
TOPIC=/flespi/qos0
DATA=#
[0;32mI (377182) LORA_SEND_PACKET: Sending packet: GET_ID1[0m
[0;32mI (377862) Timer: packet received:[][0m
[0;32mI (377872) Timer: packet received:[][0m
[0;32mI (377882) Timer: packet received:[][0m
[0;32mI (377892) Timer: 0 byte packet received:[][0m
[0;32mI (377892) LORA_SEND_PACKET: Sending packet: 200[0m
[0;32mI (377902) Timer: packet received:[][0m
[0;32mI (377922) Timer: packet received:[][0m
[0;32mI (378432) MQTT_EXAMPLE: MQTT_EVENT_DATA[0m
TOPIC=/flespi/qos0
DATA=
[0;32mI (378892) LORA_SEND_PACKET: Sending packet: GET_ID2[0m
[0;32mI (379022) MQTT_EXAMPLE: MQTT_EVENT_DATA[0m
TOPIC=/flespi/qos0
DATA=
[0;32mI (379032) MQTT_EXAMPLE: MQTT_EVENT_DATA[0m
TOPIC=/flespi/qos0
DATA=
[0;32mI (379032) MQTT_EXAMPLE: MQTT_EVENT_DATA[0m
TOPIC=/flespi/qos0
DATA=
[0;32mI (379042) MQTT_EXAMPLE: MQTT_EVENT_DATA[0m
TOPIC=/flespi/qos0
DATA=
[0;32mI (379042) MQTT_EXAMPLE: MQTT_EVENT_DATA[0m
TOPIC=/flespi/qos0
DATA=
[0;32mI (382142) Timer: packet received:[GGGGGGGGGGG][0m
[0;32mI (382202) Timer: packet received:[GGGGGG][0m
[0;32mI (382232) Timer: packet received:[GGGGGGGGGGG][0m
[0;32mI (382242) Timer: 0 byte packet received:[][0m
[0;32mI (382242) LORA_SEND_PACKET: Sending packet: 200[0m
[0;32mI (382362) Timer: packet received:[][0m
[0;32mI (382672) MQTT_EXAMPLE: MQTT_EVENT_DATA[0m
TOPIC=/flespi/qos0
DATA=GGGGGGGGGGG
[0;32mI (383172) MQTT_EXAMPLE: MQTT_EVENT_DATA[0m
TOPIC=/flespi/qos0
DATA=GGGGGG
[0;32mI (383172) MQTT_EXAMPLE: MQTT_EVENT_DATA[0m
TOPIC=/flespi/qos0
DATA=GGGGGGGGGGG
[0;32mI (383182) MQTT_EXAMPLE: MQTT_EVENT_DATA[0m
TOPIC=/flespi/qos0
DATA=
[0;32mI (383182) MQTT_EXAMPLE: MQTT_EVENT_DATA[0m
TOPIC=/flespi/qos0
DATA=
[0;32mI (383242) Timer: 1 hour has passed![0m
[0;32mI (383582) Timer: packet received:[][0m
[0;32mI (383612) Timer: packet received:[][0m
[0;32mI (383642) Timer: packet received:[][0m
[0;32mI (383672) Timer: packet received:[][0m
[0;32mI (384202) MQTT_EXAMPLE: MQTT_EVENT_DATA[0m
TOPIC=/flespi/qos0
DATA=
[0;32mI (384812) MQTT_EXAMPLE: MQTT_EVENT_DATA[0m
TOPIC=/flespi/qos0
DATA=
[0;32mI (384812) MQTT_EXAMPLE: MQTT_EVENT_DATA[0m
TOPIC=/flespi/qos0
DATA=
[0;32mI (384822) MQTT_EXAMPLE: MQTT_EVENT_DATA[0m
TOPIC=/flespi/qos0
DATA=
[0;32mI (385512) Timer: packet received:[][0m
[0;32mI (385552) Timer: packet received:[][0m
[0;32mI (385592) Timer: packet received:[][0m
[0;32mI (385672) Timer: packet received:[][0m
[0;32mI (385702) Timer: packet received:[][0m
[0;32mI (385722) Timer: packet received:[][0m
[0;32mI (386142) MQTT_EXAMPLE: MQTT_EVENT_DATA[0m
TOPIC=/flespi/qos0
DATA=
[0;32mI (386762) MQTT_EXAMPLE: MQTT_EVENT_DATA[0m
TOPIC=/flespi/qos0
DATA=
[0;32mI (386762) MQTT_EXAMPLE: MQTT_EVENT_DATA[0m
TOPIC=/flespi/qos0
DATA=
[0;32mI (386772) MQTT_EXAMPLE: MQTT_EVENT_DATA[0m
TOPIC=/flespi/qos0
DATA=
[0;32mI (386772) MQTT_EXAMPLE: MQTT_EVENT_DATA[0m
TOPIC=/flespi/qos0
DATA=
[0;32mI (386782) MQTT_EXAMPLE: MQTT_EVENT_DATA[0m
TOPIC=/flespi/qos0
DATA=
[0;32mI (435902) LORA_SEND_PACKET: Sending packet: GET_ID0[0m
[0;32mI (446902) LORA_SEND_PACKET: Sending packet: GET_ID1[0m
[0;32mI (457902) LORA_SEND_PACKET: Sending packet: GET_ID2[0m
[0;32mI (468902) Timer: 1 hour has passed![0m
[0;32mI (495902) LORA_SEND_PACKET: Sending packet: GET_ID0[0m
[0;32mI (506902) LORA_SEND_PACKET: Sending packet: GET_ID1[0m
[0;32mI (517902) LORA_SEND_PACKET: Sending packet: GET_ID2[0m
[0;32mI (528902) Timer: 1 hour has passed![0m
[0;32mI (555902) LORA_SEND_PACKET: Sending packet: GET_ID0[0m
[0;32mI (566902) LORA_SEND_PACKET: Sending packet: GET_ID1[0m
[0;32mI (577902) LORA_SEND_PACKET: Sending packet: GET_ID2[0m
[0;32mI (588902) Timer: 1 hour has passed![0m
[0;32mI (615902) LORA_SEND_PACKET: Sending packet: GET_ID0[0m
[0;32mI (626902) LORA_SEND_PACKET: Sending packet: GET_ID1[0m
[0;32mI (637902) LORA_SEND_PACKET: Sending packet: GET_ID2[0m
[0;32mI (648902) Timer: 1 hour has passed![0m
[0;32mI (675902) LORA_SEND_PACKET: Sending packet: GET_ID0[0m
[0;32mI (686902) LORA_SEND_PACKET: Sending packet: GET_ID1[0m
[0;32mI (697902) LORA_SEND_PACKET: Sending packet: GET_ID2[0m
[0;32mI (708902) Timer: 1 hour has passed![0m
[0;32mI (735902) LORA_SEND_PACKET: Sending packet: GET_ID0[0m
