etsï¿½ets Jul 29 2019 12:21:46

rst:0x1 (POWERON_RESET),boot:0x13 (SPI_FAST_FLASH_BOOT)
configsip: 0, SPIWP:0xee
clk_drv:0x00,q_drv:0x00,d_drv:0x00,cs0_drv:0x00,hd_drv:0x00,wp_drv:0x00
mode:DIO, clock div:2
load:0x3fff0030,len:7172
load:0x40078000,len:15540
load:0x40080400,len:4
ho 8 tail 4 room 4
load:0x40080404,len:3904
entry 0x40080640
[0;32mI (31) boot: ESP-IDF v5.2.2 2nd stage bootloader[0m
[0;32mI (31) boot: compile time Jun  6 2024 23:59:58[0m
[0;32mI (31) boot: Multicore bootloader[0m
[0;32mI (35) boot: chip revision: v3.0[0m
[0;32mI (39) boot.esp32: SPI Speed      : 40MHz[0m
[0;32mI (44) boot.esp32: SPI Mode       : DIO[0m
[0;32mI (48) boot.esp32: SPI Flash Size : 2MB[0m
[0;32mI (53) boot: Enabling RNG early entropy source...[0m
[0;32mI (58) boot: Partition Table:[0m
[0;32mI (62) boot: ## Label            Usage          Type ST Offset   Length[0m
[0;32mI (69) boot:  0 nvs              WiFi data        01 02 00009000 00006000[0m
[0;32mI (77) boot:  1 phy_init         RF data          01 01 0000f000 00001000[0m
[0;32mI (84) boot:  2 factory          factory app      00 00 00010000 00100000[0m
[0;32mI (92) boot: End of partition table[0m
[0;32mI (96) esp_image: segment 0: paddr=00010020 vaddr=3f400020 size=265bch (157116) map[0m
[0;32mI (158) esp_image: segment 1: paddr=000365e4 vaddr=3ffb0000 size=03ce0h ( 15584) load[0m
[0;32mI (164) esp_image: segment 2: paddr=0003a2cc vaddr=40080000 size=05d4ch ( 23884) load[0m
[0;32mI (174) esp_image: segment 3: paddr=00040020 vaddr=400d0020 size=9cc9ch (642204) map[0m
[0;32mI (394) esp_image: segment 4: paddr=000dccc4 vaddr=40085d4c size=1297ch ( 76156) load[0m
[0;32mI (436) boot: Loaded app from partition at offset 0x10000[0m
[0;32mI (436) boot: Disabling RNG early entropy source...[0m
[0;32mI (448) cpu_start: Multicore app[0m
[0;32mI (457) cpu_start: Pro cpu start user code[0m
[0;32mI (457) cpu_start: cpu freq: 160000000 Hz[0m
[0;32mI (457) cpu_start: Application information:[0m
[0;32mI (460) cpu_start: Project name:     Irrigation_System[0m
[0;32mI (466) cpu_start: App version:      1[0m
[0;32mI (470) cpu_start: Compile time:     Jun  6 2024 23:58:26[0m
[0;32mI (476) cpu_start: ELF file SHA256:  38ec200b9...[0m
[0;32mI (481) cpu_start: ESP-IDF:          v5.2.2[0m
[0;32mI (486) cpu_start: Min chip rev:     v0.0[0m
[0;32mI (491) cpu_start: Max chip rev:     v3.99 [0m
[0;32mI (496) cpu_start: Chip rev:         v3.0[0m
[0;32mI (501) heap_init: Initializing. RAM available for dynamic allocation:[0m
[0;32mI (508) heap_init: At 3FFAE6E0 len 00001920 (6 KiB): DRAM[0m
[0;32mI (514) heap_init: At 3FFB84D0 len 00027B30 (158 KiB): DRAM[0m
[0;32mI (520) heap_init: At 3FFE0440 len 00003AE0 (14 KiB): D/IRAM[0m
[0;32mI (526) heap_init: At 3FFE4350 len 0001BCB0 (111 KiB): D/IRAM[0m
[0;32mI (533) heap_init: At 400986C8 len 00007938 (30 KiB): IRAM[0m
[0;32mI (541) spi_flash: detected chip: generic[0m
[0;32mI (544) spi_flash: flash io: dio[0m
[0;33mW (548) spi_flash: Detected size(4096k) larger than the size in the binary image header(2048k). Using the size in the binary image header.[0m
[0;32mI (562) main_task: Started on CPU0[0m
[0;32mI (572) main_task: Calling app_main()[0m
[0;32mI (612) wifi station: STARTING WIFI APPLICATION[0m
I (622) wifi:wifi driver task: 3ffc0930, prio:23, stack:6656, core=0
I (642) wifi:wifi firmware version: 3e0076f
I (642) wifi:wifi certification version: v7.0
I (642) wifi:config NVS flash: enabled
I (642) wifi:config nano formating: disabled
I (642) wifi:Init data frame dynamic rx buffer num: 32
I (652) wifi:Init static rx mgmt buffer num: 5
I (652) wifi:Init management short buffer num: 32
I (652) wifi:Init dynamic tx buffer num: 32
I (662) wifi:Init static rx buffer size: 1600
I (662) wifi:Init static rx buffer num: 10
I (672) wifi:Init dynamic rx buffer num: 32
[0;32mI (672) wifi_init: rx ba win: 6[0m
[0;32mI (672) wifi_init: tcpip mbox: 32[0m
[0;32mI (682) wifi_init: udp mbox: 6[0m
[0;32mI (682) wifi_init: tcp mbox: 6[0m
[0;32mI (682) wifi_init: tcp tx win: 5760[0m
[0;32mI (692) wifi_init: tcp rx win: 5760[0m
[0;32mI (692) wifi_init: tcp mss: 1440[0m
[0;32mI (702) wifi_init: WiFi IRAM OP enabled[0m
[0;32mI (702) wifi_init: WiFi RX IRAM OP enabled[0m
[0;32mI (712) phy_init: phy_version 4791,2c4672b,Dec 20 2023,16:06:06[0m
I (802) wifi:mode : sta (b8:d6:1a:5b:7c:ac)
I (802) wifi:enable tsf
[0;32mI (802) wifi station: wifi_init_sta finished.[0m
I (822) wifi:new:<11,0>, old:<1,0>, ap:<255,255>, sta:<11,0>, prof:1
I (822) wifi:state: init -> auth (b0)
I (832) wifi:state: auth -> assoc (0)
I (842) wifi:state: assoc -> run (10)
I (862) wifi:connected with Hai Nam, aid = 4, channel 11, BW20, bssid = 22:87:ec:29:e8:b0
I (862) wifi:security: WPA2-PSK, phy: bgn, rssi: -49
I (872) wifi:pm start, type: 1

I (872) wifi:dp: 1, bi: 102400, li: 3, scale listen interval from 307200 us to 307200 us
I (872) wifi:AP's beacon interval = 102400 us, DTIM period = 1
[0;32mI (3882) esp_netif_handlers: sta ip: 192.168.1.12, mask: 255.255.255.0, gw: 192.168.1.1[0m
[0;32mI (3882) wifi station: got ip:192.168.1.12[0m
[0;32mI (3882) wifi station: connected to ap SSID:Hai Nam password:23581104[0m
[0;32mI (3892) MQTT_EXAMPLE: Other event id:7[0m
I (4982) wifi:<ba-add>idx:0 (ifx:0, 22:87:ec:29:e8:b0), tid:0, ssn:1, winSize:64
[0;32mI (6512) MQTT_EXAMPLE: MQTT_EVENT_CONNECTED[0m
[0;32mI (6512) MQTT_EXAMPLE: sent subscribe successful, msg_id=39470[0m
[0;32mI (6512) MQTT_EXAMPLE: sent subscribe successful, msg_id=24513[0m
[0;32mI (7022) MQTT_EXAMPLE: MQTT_EVENT_SUBSCRIBED, msg_id=39470[0m
[0;32mI (7022) MQTT_EXAMPLE: sent publish successful[0m
[0;32mI (7532) MQTT_EXAMPLE: MQTT_EVENT_SUBSCRIBED, msg_id=24513[0m
[0;32mI (7532) MQTT_EXAMPLE: sent publish successful[0m
[0;32mI (8902) main_task: Returned from app_main()[0m
[0;32mI (8992) LORA_SEND_PACKET: Sending packet: GET_ID0[0m
[0;32mI (20032) LORA_SEND_PACKET: Sending packet: GET_ID1[0m
[0;32mI (31072) LORA_SEND_PACKET: Sending packet: GET_ID2[0m
[0;32mI (42072) Timer: 1 hour has passed![0m

abort() was called at PC 0x40082a63 on core 0


Backtrace: 0x4008189e:0x3ffc0260 0x40089ce9:0x3ffc0280 0x40092651:0x3ffc02a0 0x40082a63:0x3ffc0310 0x40082ba1:0x3ffc0340 0x40082c1a:0x3ffc0360 0x4015938e:0x3ffc0390 0x401552a9:0x3ffc06b0 0x4016b631:0x3ffc06e0 0x40090fbd:0x3ffc0710 0x401068ee:0x3ffc0760 0x401220b2:0x3ffc07d0 0x40096439:0x3ffc0810 0x4016882a:0x3ffc0830 0x40168891:0x3ffc0850 0x40094286:0x3ffc0870 0x4008a7f5:0x3ffc08a0




ELF file SHA256: 38ec200b9

Rebooting...
ets Jul 29 2019 12:21:46

rst:0xc (SW_CPU_RESET),boot:0x13 (SPI_FAST_FLASH_BOOT)
configsip: 0, SPIWP:0xee
clk_drv:0x00,q_drv:0x00,d_drv:0x00,cs0_drv:0x00,hd_drv:0x00,wp_drv:0x00
mode:DIO, clock div:2
load:0x3fff0030,len:7172
load:0x40078000,len:15540
load:0x40080400,len:4
ho 8 tail 4 room 4
load:0x40080404,len:3904
entry 0x40080640
[0;32mI (31) boot: ESP-IDF v5.2.2 2nd stage bootloader[0m
[0;32mI (31) boot: compile time Jun  6 2024 23:59:58[0m
[0;32mI (31) boot: Multicore bootloader[0m
[0;32mI (35) boot: chip revision: v3.0[0m
[0;32mI (39) boot.esp32: SPI Speed      : 40MHz[0m
[0;32mI (44) boot.esp32: SPI Mode       : DIO[0m
[0;32mI (48) boot.esp32: SPI Flash Size : 2MB[0m
[0;32mI (53) boot: Enabling RNG early entropy source...[0m
[0;32mI (58) boot: Partition Table:[0m
[0;32mI (62) boot: ## Label            Usage          Type ST Offset   Length[0m
[0;32mI (69) boot:  0 nvs              WiFi data        01 02 00009000 00006000[0m
[0;32mI (76) boot:  1 phy_init         RF data          01 01 0000f000 00001000[0m
[0;32mI (84) boot:  2 factory          factory app      00 00 00010000 00100000[0m
[0;32mI (91) boot: End of partition table[0m
[0;32mI (96) esp_image: segment 0: paddr=00010020 vaddr=3f400020 size=265bch (157116) map[0m
[0;32mI (158) esp_image: segment 1: paddr=000365e4 vaddr=3ffb0000 size=03ce0h ( 15584) load[0m
[0;32mI (164) esp_image: segment 2: paddr=0003a2cc vaddr=40080000 size=05d4ch ( 23884) load[0m
[0;32mI (174) esp_image: segment 3: paddr=00040020 vaddr=400d0020 size=9cc9ch (642204) map[0m
[0;32mI (394) esp_image: segment 4: paddr=000dccc4 vaddr=40085d4c size=1297ch ( 76156) load[0m
[0;32mI (436) boot: Loaded app from partition at offset 0x10000[0m
[0;32mI (436) boot: Disabling RNG early entropy source...[0m
[0;32mI (448) cpu_start: Multicore app[0m
[0;32mI (457) cpu_start: Pro cpu start user code[0m
[0;32mI (457) cpu_start: cpu freq: 160000000 Hz[0m
[0;32mI (457) cpu_start: Application information:[0m
[0;32mI (460) cpu_start: Project name:     Irrigation_System[0m
[0;32mI (465) cpu_start: App version:      1[0m
[0;32mI (470) cpu_start: Compile time:     Jun  6 2024 23:58:26[0m
[0;32mI (476) cpu_start: ELF file SHA256:  38ec200b9...[0m
[0;32mI (481) cpu_start: ESP-IDF:          v5.2.2[0m
[0;32mI (486) cpu_start: Min chip rev:     v0.0[0m
[0;32mI (491) cpu_start: Max chip rev:     v3.99 [0m
[0;32mI (496) cpu_start: Chip rev:         v3.0[0m
[0;32mI (501) heap_init: Initializing. RAM available for dynamic allocation:[0m
[0;32mI (508) heap_init: At 3FFAE6E0 len 00001920 (6 KiB): DRAM[0m
[0;32mI (514) heap_init: At 3FFB84D0 len 00027B30 (158 KiB): DRAM[0m
[0;32mI (520) heap_init: At 3FFE0440 len 00003AE0 (14 KiB): D/IRAM[0m
[0;32mI (526) heap_init: At 3FFE4350 len 0001BCB0 (111 KiB): D/IRAM[0m
[0;32mI (533) heap_init: At 400986C8 len 00007938 (30 KiB): IRAM[0m
[0;32mI (540) spi_flash: detected chip: generic[0m
[0;32mI (544) spi_flash: flash io: dio[0m
[0;33mW (547) spi_flash: Detected size(4096k) larger than the size in the binary image header(2048k). Using the size in the binary image header.[0m
[0;32mI (562) main_task: Started on CPU0[0m
[0;32mI (572) main_task: Calling app_main()[0m
[0;32mI (612) wifi station: STARTING WIFI APPLICATION[0m
I (622) wifi:wifi driver task: 3ffc0930, prio:23, stack:6656, core=0
I (642) wifi:wifi firmware version: 3e0076f
I (642) wifi:wifi certification version: v7.0
I (642) wifi:config NVS flash: enabled
I (642) wifi:config nano formating: disabled
I (642) wifi:Init data frame dynamic rx buffer num: 32
I (652) wifi:Init static rx mgmt buffer num: 5
I (652) wifi:Init management short buffer num: 32
I (652) wifi:Init dynamic tx buffer num: 32
I (662) wifi:Init static rx buffer size: 1600
I (662) wifi:Init static rx buffer num: 10
I (672) wifi:Init dynamic rx buffer num: 32
[0;32mI (672) wifi_init: rx ba win: 6[0m
[0;32mI (672) wifi_init: tcpip mbox: 32[0m
[0;32mI (682) wifi_init: udp mbox: 6[0m
[0;32mI (682) wifi_init: tcp mbox: 6[0m
[0;32mI (682) wifi_init: tcp tx win: 5760[0m
[0;32mI (692) wifi_init: tcp rx win: 5760[0m
[0;32mI (692) wifi_init: tcp mss: 1440[0m
[0;32mI (702) wifi_init: WiFi IRAM OP enabled[0m
[0;32mI (702) wifi_init: WiFi RX IRAM OP enabled[0m
[0;32mI (712) phy_init: phy_version 4791,2c4672b,Dec 20 2023,16:06:06[0m
I (802) wifi:mode : sta (b8:d6:1a:5b:7c:ac)
I (802) wifi:enable tsf
[0;32mI (802) wifi station: wifi_init_sta finished.[0m
I (822) wifi:new:<11,0>, old:<1,0>, ap:<255,255>, sta:<11,0>, prof:1
I (822) wifi:state: init -> auth (b0)
I (1822) wifi:state: auth -> init (200)
I (1822) wifi:new:<11,0>, old:<11,0>, ap:<255,255>, sta:<11,0>, prof:1
[0;32mI (1822) wifi station: retry to connect to the AP[0m
[0;32mI (1832) wifi station: connect to the AP fail[0m
[0;32mI (4242) wifi station: retry to connect to the AP[0m
[0;32mI (4242) wifi station: connect to the AP fail[0m
I (4252) wifi:new:<11,0>, old:<11,0>, ap:<255,255>, sta:<11,0>, prof:1
I (4252) wifi:state: init -> auth (b0)
I (5252) wifi:state: auth -> init (200)
I (5252) wifi:new:<11,0>, old:<11,0>, ap:<255,255>, sta:<11,0>, prof:1
[0;32mI (5252) wifi station: retry to connect to the AP[0m
[0;32mI (5262) wifi station: connect to the AP fail[0m
[0;32mI (7672) wifi station: retry to connect to the AP[0m
[0;32mI (7672) wifi station: connect to the AP fail[0m
I (7682) wifi:new:<11,0>, old:<11,0>, ap:<255,255>, sta:<11,0>, prof:1
I (7682) wifi:state: init -> auth (b0)
I (7702) wifi:state: auth -> assoc (0)
I (7702) wifi:state: assoc -> run (10)
I (7722) wifi:connected with Hai Nam, aid = 4, channel 11, BW20, bssid = 22:87:ec:29:e8:b0
I (7722) wifi:security: WPA2-PSK, phy: bgn, rssi: -46
I (7732) wifi:pm start, type: 1

I (7732) wifi:dp: 1, bi: 102400, li: 3, scale listen interval from 307200 us to 307200 us
I (7802) wifi:AP's beacon interval = 102400 us, DTIM period = 1
[0;32mI (10742) esp_netif_handlers: sta ip: 192.168.1.12, mask: 255.255.255.0, gw: 192.168.1.1[0m
[0;32mI (10742) wifi station: got ip:192.168.1.12[0m
[0;32mI (10742) wifi station: connected to ap SSID:Hai Nam password:23581104[0m
[0;32mI (10752) MQTT_EXAMPLE: Other event id:7[0m
I (11292) wifi:<ba-add>idx:0 (ifx:0, 22:87:ec:29:e8:b0), tid:0, ssn:1, winSize:64
[0;32mI (12822) MQTT_EXAMPLE: MQTT_EVENT_CONNECTED[0m
[0;32mI (12832) MQTT_EXAMPLE: sent subscribe successful, msg_id=32261[0m
[0;32mI (12832) MQTT_EXAMPLE: sent subscribe successful, msg_id=9454[0m
[0;32mI (13342) MQTT_EXAMPLE: MQTT_EVENT_SUBSCRIBED, msg_id=32261[0m
[0;32mI (13342) MQTT_EXAMPLE: sent publish successful[0m
[0;32mI (13852) MQTT_EXAMPLE: MQTT_EVENT_SUBSCRIBED, msg_id=9454[0m
[0;32mI (13852) MQTT_EXAMPLE: sent publish successful[0m
[0;32mI (15762) main_task: Returned from app_main()[0m
[0;32mI (15852) LORA_SEND_PACKET: Sending packet: GET_ID0[0m
[0;32mI (26892) LORA_SEND_PACKET: Sending packet: GET_ID1[0m
[0;32mI (37932) LORA_SEND_PACKET: Sending packet: GET_ID2[0m
[0;32mI (48932) Timer: 1 hour has passed![0m
[0;32mI (48972) LORA_SEND_PACKET: Sending packet: GET_ID0[0m
[0;32mI (60012) LORA_SEND_PACKET: Sending packet: GET_ID1[0m
[0;32mI (71052) LORA_SEND_PACKET: Sending packet: GET_ID2[0m
[0;32mI (82052) Timer: 1 hour has passed![0m
[0;32mI (82092) LORA_SEND_PACKET: Sending packet: GET_ID0[0m
[0;32mI (93132) LORA_SEND_PACKET: Sending packet: GET_ID1[0m
[0;32mI (93752) esp_timer: 44 byte packet received:[{"ID": 1 ,"temp":25, "hum":20, "adc_val":2}][0m
[0;32mI (93792) LORA_SEND_PACKET: Sending packet: 200[0m
[0;32mI (94162) MQTT_EXAMPLE: MQTT_EVENT_DATA[0m
TOPIC=/flespi/qos0
DATA={"ID": 1 ,"temp":25, "hum":20, "adc_val":2}

assert failed: xTaskPriorityDisinherit tasks.c:5107 (pxTCB == pxCurrentTCBs[ xPortGetCoreID() ])


Backtrace: 0x4008189e:0x3ffb9410 0x40089ce9:0x3ffb9430 0x4009278d:0x3ffb9450 0x4008cbfa:0x3ffb9570 0x40089d47:0x3ffb9590 0x4008a189:0x3ffb95b0 0x400d776e:0x3ffb95f0 0x400d7b27:0x3ffb9640 0x400d7219:0x3ffb9660 0x400d4db1:0x3ffb97a0 0x400d4df9:0x3ffb97d0 0x4008a7f5:0x3ffb97f0




ELF file SHA256: 38ec200b9

Rebooting...
ets Jul 29 2019 12:21:46

rst:0xc (SW_CPU_RESET),boot:0x13 (SPI_FAST_FLASH_BOOT)
configsip: 0, SPIWP:0xee
clk_drv:0x00,q_drv:0x00,d_drv:0x00,cs0_drv:0x00,hd_drv:0x00,wp_drv:0x00
mode:DIO, clock div:2
load:0x3fff0030,len:7172
load:0x40078000,len:15540
load:0x40080400,len:4
ho 8 tail 4 room 4
load:0x40080404,len:3904
entry 0x40080640
[0;32mI (31) boot: ESP-IDF v5.2.2 2nd stage bootloader[0m
[0;32mI (31) boot: compile time Jun  6 2024 23:59:58[0m
[0;32mI (31) boot: Multicore bootloader[0m
[0;32mI (35) boot: chip revision: v3.0[0m
[0;32mI (39) boot.esp32: SPI Speed      : 40MHz[0m
[0;32mI (44) boot.esp32: SPI Mode       : DIO[0m
[0;32mI (48) boot.esp32: SPI Flash Size : 2MB[0m
[0;32mI (53) boot: Enabling RNG early entropy source...[0m
[0;32mI (58) boot: Partition Table:[0m
[0;32mI (62) boot: ## Label            Usage          Type ST Offset   Length[0m
[0;32mI (69) boot:  0 nvs              WiFi data        01 02 00009000 00006000[0m
[0;32mI (76) boot:  1 phy_init         RF data          01 01 0000f000 00001000[0m
[0;32mI (84) boot:  2 factory          factory app      00 00 00010000 00100000[0m
[0;32mI (91) boot: End of partition table[0m
[0;32mI (96) esp_image: segment 0: paddr=00010020 vaddr=3f400020 size=265bch (157116) map[0m
[0;32mI (158) esp_image: segment 1: paddr=000365e4 vaddr=3ffb0000 size=03ce0h ( 15584) load[0m
[0;32mI (164) esp_image: segment 2: paddr=0003a2cc vaddr=40080000 size=05d4ch ( 23884) load[0m
[0;32mI (174) esp_image: segment 3: paddr=00040020 vaddr=400d0020 size=9cc9ch (642204) map[0m
[0;32mI (394) esp_image: segment 4: paddr=000dccc4 vaddr=40085d4c size=1297ch ( 76156) load[0m
[0;32mI (436) boot: Loaded app from partition at offset 0x10000[0m
[0;32mI (436) boot: Disabling RNG early entropy source...[0m
[0;32mI (448) cpu_start: Multicore app[0m
[0;32mI (456) cpu_start: Pro cpu start user code[0m
[0;32mI (457) cpu_start: cpu freq: 160000000 Hz[0m
[0;32mI (457) cpu_start: Application information:[0m
[0;32mI (460) cpu_start: Project name:     Irrigation_System[0m
[0;32mI (465) cpu_start: App version:      1[0m
[0;32mI (470) cpu_start: Compile time:     Jun  6 2024 23:58:26[0m
[0;32mI (476) cpu_start: ELF file SHA256:  38ec200b9...[0m
[0;32mI (481) cpu_start: ESP-IDF:          v5.2.2[0m
[0;32mI (486) cpu_start: Min chip rev:     v0.0[0m
[0;32mI (491) cpu_start: Max chip rev:     v3.99 [0m
[0;32mI (496) cpu_start: Chip rev:         v3.0[0m
[0;32mI (501) heap_init: Initializing. RAM available for dynamic allocation:[0m
[0;32mI (508) heap_init: At 3FFAE6E0 len 00001920 (6 KiB): DRAM[0m
[0;32mI (514) heap_init: At 3FFB84D0 len 00027B30 (158 KiB): DRAM[0m
[0;32mI (520) heap_init: At 3FFE0440 len 00003AE0 (14 KiB): D/IRAM[0m
[0;32mI (526) heap_init: At 3FFE4350 len 0001BCB0 (111 KiB): D/IRAM[0m
[0;32mI (533) heap_init: At 400986C8 len 00007938 (30 KiB): IRAM[0m
[0;32mI (540) spi_flash: detected chip: generic[0m
[0;32mI (544) spi_flash: flash io: dio[0m
[0;33mW (547) spi_flash: Detected size(4096k) larger than the size in the binary image header(2048k). Using the size in the binary image header.[0m
[0;32mI (562) main_task: Started on CPU0[0m
[0;32mI (572) main_task: Calling app_main()[0m
[0;32mI (632) wifi station: STARTING WIFI APPLICATION[0m
I (642) wifi:wifi driver task: 3ffc0930, prio:23, stack:6656, core=0
I (662) wifi:wifi firmware version: 3e0076f
I (662) wifi:wifi certification version: v7.0
I (662) wifi:config NVS flash: enabled
I (662) wifi:config nano formating: disabled
I (662) wifi:Init data frame dynamic rx buffer num: 32
I (672) wifi:Init static rx mgmt buffer num: 5
I (672) wifi:Init management short buffer num: 32
I (672) wifi:Init dynamic tx buffer num: 32
I (682) wifi:Init static rx buffer size: 1600
I (682) wifi:Init static rx buffer num: 10
I (692) wifi:Init dynamic rx buffer num: 32
[0;32mI (692) wifi_init: rx ba win: 6[0m
[0;32mI (692) wifi_init: tcpip mbox: 32[0m
[0;32mI (702) wifi_init: udp mbox: 6[0m
[0;32mI (702) wifi_init: tcp mbox: 6[0m
[0;32mI (702) wifi_init: tcp tx win: 5760[0m
[0;32mI (712) wifi_init: tcp rx win: 5760[0m
[0;32mI (712) wifi_init: tcp mss: 1440[0m
[0;32mI (722) wifi_init: WiFi IRAM OP enabled[0m
[0;32mI (722) wifi_init: WiFi RX IRAM OP enabled[0m
[0;32mI (732) phy_init: phy_version 4791,2c4672b,Dec 20 2023,16:06:06[0m
I (822) wifi:mode : sta (b8:d6:1a:5b:7c:ac)
I (822) wifi:enable tsf
[0;32mI (832) wifi station: wifi_init_sta finished.[0m
I (842) wifi:new:<11,0>, old:<1,0>, ap:<255,255>, sta:<11,0>, prof:1
I (842) wifi:state: init -> auth (b0)
I (1842) wifi:state: auth -> init (200)
I (1852) wifi:new:<11,0>, old:<11,0>, ap:<255,255>, sta:<11,0>, prof:1
[0;32mI (1852) wifi station: retry to connect to the AP[0m
[0;32mI (1852) wifi station: connect to the AP fail[0m
[0;32mI (4262) wifi station: retry to connect to the AP[0m
[0;32mI (4272) wifi station: connect to the AP fail[0m
I (4272) wifi:new:<11,0>, old:<11,0>, ap:<255,255>, sta:<11,0>, prof:1
I (4272) wifi:state: init -> auth (b0)
I (5282) wifi:state: auth -> init (200)
I (5282) wifi:new:<11,0>, old:<11,0>, ap:<255,255>, sta:<11,0>, prof:1
[0;32mI (5282) wifi station: retry to connect to the AP[0m
[0;32mI (5282) wifi station: connect to the AP fail[0m
